08-08 15:05:25.682  1552  1678 I InstallationStatistic: com.android.todolist|null|7018|254|39|5129|1442|0
08-08 15:05:25.683  1552  1678 I com.android.server.pm.PackageManagerServiceInjector: MIUILOG-onPackageInstalled: PackageEvent { mTimeStamp=2022-08-08 15:05:25 mAction=Install mPackageName=com.android.todolist mReturnCode=-15 mReturnMsg=installPackageLI mVersionCode=0 mVersionName=mInstallerPkgName=
08-08 15:06:10.518  1552  1678 I InstallationStatistic: com.android.todolist|null|6738|293|54|5309|929|0
08-08 15:06:10.528  1552  1678 I com.android.server.pm.PackageManagerServiceInjector: MIUILOG-onPackageInstalled: PackageEvent { mTimeStamp=2022-08-08 15:06:10 mAction=Install mPackageName=com.android.todolist mReturnCode=-15 mReturnMsg=installPackageLI mVersionCode=0 mVersionName=mInstallerPkgName=
08-08 15:14:50.230  1552  1678 I InstallationStatistic: com.android.todolist|null|15193|286|44|11656|2349|0
08-08 15:14:50.290  1552  1956 I MiuiCompatModePackages: package com.android.todolist updated, removing config
08-08 15:14:50.303  1552  1641 W BroadcastQueue: Background execution not allowed: receiving Intent { act=android.intent.action.PACKAGE_ADDED dat=package:com.android.todolist flg=0x4000010 (has extras) } to com.lbe.security.miui/com.lbe.security.service.BootReceiver
08-08 15:14:50.304  1552  1641 W BroadcastQueue: Background execution not allowed: receiving Intent { act=android.intent.action.PACKAGE_ADDED dat=package:com.android.todolist flg=0x4000010 (has extras) } to com.google.android.packageinstaller/com.android.packageinstaller.PackageInstalledReceiver
08-08 15:14:50.314  1552  1641 W BroadcastQueue: Background execution not allowed: receiving Intent { act=android.intent.action.PACKAGE_ADDED dat=package:com.android.todolist flg=0x4000010 (has extras) } to com.android.settings/.search.provider.UpdateReceiver
08-08 15:14:50.314  1552  1641 W BroadcastQueue: Background execution not allowed: receiving Intent { act=android.intent.action.PACKAGE_ADDED dat=package:com.android.todolist flg=0x4000010 (has extras) } to com.android.vending/com.google.android.finsky.packagemanager.impl.PackageMonitorReceiverImpl$RegisteredReceiver
08-08 15:14:50.315  1552  1641 W BroadcastQueue: Background execution not allowed: receiving Intent { act=android.intent.action.PACKAGE_ADDED dat=package:com.android.todolist flg=0x4000010 (has extras) } to com.facebook.appmanager/com.facebook.oxygen.common.packages.event.manifest.ManifestPackageEventReceiver
08-08 15:14:50.316  1552  1641 W BroadcastQueue: Background execution not allowed: receiving Intent { act=android.intent.action.PACKAGE_ADDED dat=package:com.android.todolist flg=0x4000010 (has extras) } to com.google.android.gms/.games.chimera.GamesSystemBroadcastReceiverProxy
08-08 15:14:50.321  1552  1641 W BroadcastQueue: Background execution not allowed: receiving Intent { act=android.intent.action.PACKAGE_ADDED dat=package:com.android.todolist flg=0x4000010 (has extras) } to com.google.android.gms/.gass.chimera.PackageChangeBroadcastReceiver
08-08 15:14:50.322  1552  1641 W BroadcastQueue: Background execution not allowed: receiving Intent { act=android.intent.action.PACKAGE_ADDED dat=package:com.android.todolist flg=0x4000010 (has extras) } to com.google.android.gms/.chimera.GmsIntentOperationService$PersistentTrustedReceiver
08-08 15:14:50.322  1552  1641 W BroadcastQueue: Background execution not allowed: receiving Intent { act=android.intent.action.PACKAGE_ADDED dat=package:com.android.todolist flg=0x4000010 (has extras) } to com.google.android.googlequicksearchbox/com.google.android.apps.gsa.googlequicksearchbox.GelStubAppWatcher
08-08 15:14:50.322  1552  1641 W BroadcastQueue: Background execution not allowed: receiving Intent { act=android.intent.action.PACKAGE_ADDED dat=package:com.android.todolist flg=0x4000010 (has extras) } to com.miui.audioeffect/com.android.musicfx.Compatibility$Receiver
08-08 15:14:50.322  1552  1641 W BroadcastQueue: Background execution not allowed: receiving Intent { act=android.intent.action.PACKAGE_ADDED dat=package:com.android.todolist flg=0x4000010 (has extras) } to com.miui.global.packageinstaller/.AppInstalledReceiver
08-08 15:14:50.322  1552  1641 W BroadcastQueue: Background execution not allowed: receiving Intent { act=android.intent.action.PACKAGE_ADDED dat=package:com.android.todolist flg=0x4000010 (has extras) } to com.xiaomi.discover/com.xiaomi.market.data.MyPackageMonitor
08-08 15:14:50.322  1552  1641 W BroadcastQueue: Background execution not allowed: receiving Intent { act=android.intent.action.PACKAGE_ADDED dat=package:com.android.todolist flg=0x4000010 (has extras) } to com.xiaomi.misettings/.usagestats.AppTimerReceiver
08-08 15:14:54.574  1552  1641 W XSpaceManagerService: update XSpace App: packageName:com.android.todolist, user:UserHandle{0}, action:android.intent.action.PACKAGE_ADDED
08-08 15:21:43.966  1552  3028 I ActivityTaskManager: START u0 {act=android.settings.APPLICATION_DETAILS_SETTINGS dat=package:com.android.todolist flg=0x10008000 cmp=com.android.settings/.applications.InstalledAppDetails} from uid 10091
08-08 16:32:05.438  1552  1641 I ActivityManager: Force stopping com.android.todolist appid=10227 user=-1: deletePackageX
08-08 16:32:06.772  1552  1678 I ActivityManager: Force stopping com.android.todolist appid=10227 user=0: pkg removed
08-08 16:32:06.773  1552  1678 I AutoStartManagerService: MIUILOG- Reject RestartService packageName :com.android.todolist uid : 10227
08-08 16:32:06.810  1552  1641 W BroadcastQueue: Background execution not allowed: receiving Intent { act=android.intent.action.PACKAGE_REMOVED dat=package:com.android.todolist flg=0x4000010 (has extras) } to com.lbe.security.miui/com.lbe.security.service.BootReceiver
08-08 16:32:06.810  1552  1641 W BroadcastQueue: Background execution not allowed: receiving Intent { act=android.intent.action.PACKAGE_REMOVED dat=package:com.android.todolist flg=0x4000010 (has extras) } to com.android.settings/.search.provider.UpdateReceiver
08-08 16:32:06.812  1552  1641 W BroadcastQueue: Background execution not allowed: receiving Intent { act=android.intent.action.PACKAGE_REMOVED dat=package:com.android.todolist flg=0x4000010 (has extras) } to com.android.vending/com.google.android.finsky.packagemanager.impl.PackageMonitorReceiverImpl$RegisteredReceiver
08-08 16:32:06.816  1552  1641 W BroadcastQueue: Background execution not allowed: receiving Intent { act=android.intent.action.PACKAGE_REMOVED dat=package:com.android.todolist flg=0x4000010 (has extras) } to com.android.vending/com.google.android.finsky.instantapps.appmanagement.InstantAppRemoveMonitor
08-08 16:32:06.816  1552  1641 W BroadcastQueue: Background execution not allowed: receiving Intent { act=android.intent.action.PACKAGE_REMOVED dat=package:com.android.todolist flg=0x4000010 (has extras) } to com.google.android.apps.maps/com.google.android.libraries.social.peoplekit.thirdparty.viewcontrollers.ThirdPartyReceiver
08-08 16:32:06.816  1552  1641 W BroadcastQueue: Background execution not allowed: receiving Intent { act=android.intent.action.PACKAGE_REMOVED dat=package:com.android.todolist flg=0x4000010 (has extras) } to com.google.android.gms/.games.chimera.GamesSystemBroadcastReceiverProxy
08-08 16:32:06.816  1552  1641 W BroadcastQueue: Background execution not allowed: receiving Intent { act=android.intent.action.PACKAGE_REMOVED dat=package:com.android.todolist flg=0x4000010 (has extras) } to com.google.android.gms/.chimera.GmsIntentOperationService$PersistentTrustedReceiver
08-08 16:32:06.817  1552  1641 W BroadcastQueue: Background execution not allowed: receiving Intent { act=android.intent.action.PACKAGE_REMOVED dat=package:com.android.todolist flg=0x4000010 (has extras) } to com.google.android.googlequicksearchbox/com.google.android.apps.gsa.googlequicksearchbox.GelStubAppWatcher
08-08 16:32:06.817  1552  1641 W BroadcastQueue: Background execution not allowed: receiving Intent { act=android.intent.action.PACKAGE_REMOVED dat=package:com.android.todolist flg=0x4000010 (has extras) } to com.miui.audioeffect/com.android.musicfx.Compatibility$Receiver
08-08 16:32:06.817  1552  1641 W BroadcastQueue: Background execution not allowed: receiving Intent { act=android.intent.action.PACKAGE_REMOVED dat=package:com.android.todolist flg=0x4000010 (has extras) } to com.xiaomi.discover/com.xiaomi.market.data.MyPackageMonitor
08-08 16:32:06.817  1552  1641 W BroadcastQueue: Background execution not allowed: receiving Intent { act=android.intent.action.PACKAGE_REMOVED dat=package:com.android.todolist flg=0x4000010 (has extras) } to com.xiaomi.misettings/.usagestats.AppTimerReceiver
08-08 16:32:10.545  1552  1552 I ConditionProviders: Disallowing condition provider com.android.todolist
08-08 16:32:10.566  1552  1641 W XSpaceManagerService: update XSpace App: packageName:com.android.todolist, user:UserHandle{0}, action:android.intent.action.PACKAGE_REMOVED
08-08 18:42:29.402  1552  1678 I InstallationStatistic: com.android.todolist|null|13391|300|45|8456|3577|0
08-08 18:42:29.404  1552  1678 I com.android.server.pm.PackageManagerServiceInjector: MIUILOG-onPackageInstalled: PackageEvent { mTimeStamp=2022-08-08 18:42:29 mAction=Install mPackageName=com.android.todolist mReturnCode=-15 mReturnMsg=installPackageLI mVersionCode=0 mVersionName=mInstallerPkgName=
08-08 18:43:01.955  1552  1678 I InstallationStatistic: com.android.todolist|null|4275|374|36|3194|490|0
08-08 18:43:01.957  1552  1678 I com.android.server.pm.PackageManagerServiceInjector: MIUILOG-onPackageInstalled: PackageEvent { mTimeStamp=2022-08-08 18:43:01 mAction=Install mPackageName=com.android.todolist mReturnCode=-15 mReturnMsg=installPackageLI mVersionCode=0 mVersionName=mInstallerPkgName=
08-08 18:43:21.084  1552  1678 I InstallationStatistic: com.android.todolist|null|4707|276|33|3364|521|0
08-08 18:43:21.132  1552  1956 I MiuiCompatModePackages: package com.android.todolist updated, removing config
08-08 18:43:21.145  1552  1641 W BroadcastQueue: Background execution not allowed: receiving Intent { act=android.intent.action.PACKAGE_ADDED dat=package:com.android.todolist flg=0x4000010 (has extras) } to com.lbe.security.miui/com.lbe.security.service.BootReceiver
08-08 18:43:21.146  1552  1641 W BroadcastQueue: Background execution not allowed: receiving Intent { act=android.intent.action.PACKAGE_ADDED dat=package:com.android.todolist flg=0x4000010 (has extras) } to com.google.android.packageinstaller/com.android.packageinstaller.PackageInstalledReceiver
08-08 18:43:21.156  1552  1641 W BroadcastQueue: Background execution not allowed: receiving Intent { act=android.intent.action.PACKAGE_ADDED dat=package:com.android.todolist flg=0x4000010 (has extras) } to com.android.settings/.search.provider.UpdateReceiver
08-08 18:43:21.156  1552  1641 W BroadcastQueue: Background execution not allowed: receiving Intent { act=android.intent.action.PACKAGE_ADDED dat=package:com.android.todolist flg=0x4000010 (has extras) } to com.android.vending/com.google.android.finsky.packagemanager.impl.PackageMonitorReceiverImpl$RegisteredReceiver
08-08 18:43:21.156  1552  1641 W BroadcastQueue: Background execution not allowed: receiving Intent { act=android.intent.action.PACKAGE_ADDED dat=package:com.android.todolist flg=0x4000010 (has extras) } to com.facebook.appmanager/com.facebook.oxygen.common.packages.event.manifest.ManifestPackageEventReceiver
08-08 18:43:21.156  1552  1641 W BroadcastQueue: Background execution not allowed: receiving Intent { act=android.intent.action.PACKAGE_ADDED dat=package:com.android.todolist flg=0x4000010 (has extras) } to com.google.android.gms/.games.chimera.GamesSystemBroadcastReceiverProxy
08-08 18:43:21.157  1552  1641 W BroadcastQueue: Background execution not allowed: receiving Intent { act=android.intent.action.PACKAGE_ADDED dat=package:com.android.todolist flg=0x4000010 (has extras) } to com.google.android.gms/.gass.chimera.PackageChangeBroadcastReceiver
08-08 18:43:21.157  1552  1641 W BroadcastQueue: Background execution not allowed: receiving Intent { act=android.intent.action.PACKAGE_ADDED dat=package:com.android.todolist flg=0x4000010 (has extras) } to com.google.android.gms/.chimera.GmsIntentOperationService$PersistentTrustedReceiver
08-08 18:43:21.157  1552  1641 W BroadcastQueue: Background execution not allowed: receiving Intent { act=android.intent.action.PACKAGE_ADDED dat=package:com.android.todolist flg=0x4000010 (has extras) } to com.google.android.googlequicksearchbox/com.google.android.apps.gsa.googlequicksearchbox.GelStubAppWatcher
08-08 18:43:21.157  1552  1641 W BroadcastQueue: Background execution not allowed: receiving Intent { act=android.intent.action.PACKAGE_ADDED dat=package:com.android.todolist flg=0x4000010 (has extras) } to com.miui.audioeffect/com.android.musicfx.Compatibility$Receiver
08-08 18:43:21.157  1552  1641 W BroadcastQueue: Background execution not allowed: receiving Intent { act=android.intent.action.PACKAGE_ADDED dat=package:com.android.todolist flg=0x4000010 (has extras) } to com.miui.global.packageinstaller/.AppInstalledReceiver
08-08 18:43:21.157  1552  1641 W BroadcastQueue: Background execution not allowed: receiving Intent { act=android.intent.action.PACKAGE_ADDED dat=package:com.android.todolist flg=0x4000010 (has extras) } to com.xiaomi.discover/com.xiaomi.market.data.MyPackageMonitor
08-08 18:43:21.157  1552  1641 W BroadcastQueue: Background execution not allowed: receiving Intent { act=android.intent.action.PACKAGE_ADDED dat=package:com.android.todolist flg=0x4000010 (has extras) } to com.xiaomi.misettings/.usagestats.AppTimerReceiver
08-08 18:43:24.912  1552  1641 W XSpaceManagerService: update XSpace App: packageName:com.android.todolist, user:UserHandle{0}, action:android.intent.action.PACKAGE_ADDED
08-08 18:51:58.587  1552  3059 I ActivityTaskManager: START u0 {act=android.settings.APPLICATION_DETAILS_SETTINGS dat=package:com.android.todolist flg=0x10008000 cmp=com.android.settings/.applications.InstalledAppDetails} from uid 10091
08-08 18:53:36.247  1552  3060 I ActivityTaskManager: START u0 {act=android.intent.action.MAIN cat=[android.intent.category.LAUNCHER] flg=0x10200000 cmp=com.android.todolist/.MainActivity bnds=[386,943][502,1059] (has extras)} from uid 10091
08-08 18:53:36.404  1552  1642 I ActivityManager: Start proc 23903:com.android.todolist/u0a228 for activity {com.android.todolist/com.android.todolist.MainActivity} caller=com.miui.home
08-08 18:53:37.895 23903 23903 W Looper  : Slow Looper main: Activity com.android.todolist/.MainActivity is 435ms late (wall=563ms running=0ms ClientTransaction{ callbacks=[android.app.servertransaction.LaunchActivityItem] lifecycleRequest=android.app.servertransaction.ResumeActivityItem }) because of 1 msg, msg 1 took 467ms (seq=2 late=1ms h=android.app.ActivityThread$H w=110)
08-08 18:53:37.901 23903 23903 W Looper  : Slow Looper main: Activity com.android.todolist/.MainActivity is 1003ms late (wall=0ms running=0ms ClientTransaction{ callbacks=[android.app.servertransaction.TopResumedActivityChangeItem] }) because of 2 msg, msg 1 took 467ms (seq=2 late=1ms h=android.app.ActivityThread$H w=110), msg 2 took 563ms (seq=3 late=435ms h=android.app.ActivityThread$H w=159)
08-08 18:53:38.219  1552  1628 I Timeline: Timeline: Activity_windows_visible id: ActivityRecord{17f7fe6 u0 com.android.todolist/.MainActivity t1306} time:126890340
08-08 19:44:50.601  1552  3029 I ActivityTaskManager: START u0 {act=android.intent.action.MAIN cat=[android.intent.category.LAUNCHER] flg=0x10200000 cmp=com.android.todolist/.MainActivity bnds=[387,944][503,1060] (has extras)} from uid 10091
08-08 19:44:50.660  1552  3063 I ActivityTaskManager: The Process com.android.todolist Already Exists in BG. So sending its PID: 23903
08-08 19:44:51.176  1552  1628 I Timeline: Timeline: Activity_windows_visible id: ActivityRecord{bc82760 u0 com.android.todolist/.MainActivity t1310} time:129963297
08-08 20:01:41.191  1552  3427 I ActivityTaskManager: START u0 {act=android.intent.action.MAIN cat=[android.intent.category.LAUNCHER] flg=0x10200000 cmp=com.android.todolist/.MainActivity bnds=[386,943][502,1059] (has extras)} from uid 10091
08-08 20:01:41.613  1552  1628 I Timeline: Timeline: Activity_windows_visible id: ActivityRecord{bc82760 u0 com.android.todolist/.MainActivity t1310} time:130973734
08-08 20:03:00.853  1552  1628 I Timeline: Timeline: Activity_windows_visible id: ActivityRecord{bc82760 u0 com.android.todolist/.MainActivity t1310} time:131052974
08-08 20:44:57.922  1552  8469 I ActivityTaskManager: START u0 {act=android.intent.action.MAIN cat=[android.intent.category.LAUNCHER] flg=0x10200000 cmp=com.android.todolist/.MainActivity bnds=[386,943][502,1059] (has extras)} from uid 10091
08-08 20:44:59.009  1552  1628 I Timeline: Timeline: Activity_windows_visible id: ActivityRecord{bc82760 u0 com.android.todolist/.MainActivity t1310} time:133571130
08-08 20:45:04.215  2983 30545 W MiuiPerfServiceClient: interceptAndQueuing:23903|com.android.todolist|169|152|unknown|null|com.android.todolist/com.android.todolist.MainActivity|133575807891692|Slow issue draw commands|2
08-08 20:45:04.216  2983 30545 W MiuiPerfServiceClient: interceptAndQueuing:23903|com.android.todolist|281|193|unknown|null|com.android.todolist/com.android.todolist.MainActivity|133576070575390|Slow main thread|1
08-08 20:45:07.791  1552  1933 W NotificationService: Toast already killed. pkg=com.android.todolist callback=android.app.ITransientNotification$Stub$Proxy@df644a9
08-08 20:47:23.976  1552  1628 I Timeline: Timeline: Activity_windows_visible id: ActivityRecord{bc82760 u0 com.android.todolist/.MainActivity t1310} time:133716097
08-08 20:50:04.965  1552  3029 I ActivityTaskManager: START u0 {act=android.intent.action.MAIN cat=[android.intent.category.LAUNCHER] flg=0x10200000 cmp=com.android.todolist/.MainActivity bnds=[386,943][502,1059] (has extras)} from uid 10091
08-08 20:50:05.009  1552  3029 I ActivityTaskManager: The Process com.android.todolist Already Exists in BG. So sending its PID: 23903
08-08 20:50:05.766 23903 23903 W Looper  : Slow Looper main: Activity com.android.todolist/.MainActivity is 576ms late (wall=0ms running=0ms ClientTransaction{ callbacks=[android.app.servertransaction.TopResumedActivityChangeItem] }) because of 1 msg, msg 1 took 577ms (seq=528 h=android.app.ActivityThread$H w=159)
08-08 20:50:05.963  1552  1628 I Timeline: Timeline: Activity_windows_visible id: ActivityRecord{5ccb5b7 u0 com.android.todolist/.MainActivity t1321} time:133878084
08-08 20:51:14.234  1552  2329 I ActivityTaskManager: START u0 {act=android.intent.action.MAIN cat=[android.intent.category.LAUNCHER] flg=0x10200000 cmp=com.android.todolist/.MainActivity bnds=[386,943][502,1059] (has extras)} from uid 10091
08-08 20:51:14.584  1552  1628 I Timeline: Timeline: Activity_windows_visible id: ActivityRecord{5ccb5b7 u0 com.android.todolist/.MainActivity t1321} time:133946705
08-08 20:51:21.394  1552  3062 W NotificationService: Toast already killed. pkg=com.android.todolist callback=android.app.ITransientNotification$Stub$Proxy@2f4e7fb
08-08 20:53:31.077  1552  1934 I ActivityTaskManager: START u0 {act=android.intent.action.MAIN cat=[android.intent.category.LAUNCHER] flg=0x10200000 cmp=com.android.todolist/.MainActivity bnds=[387,944][503,1060] (has extras)} from uid 10091
08-08 20:53:31.476  1552  1628 I Timeline: Timeline: Activity_windows_visible id: ActivityRecord{5ccb5b7 u0 com.android.todolist/.MainActivity t1321} time:134083597
08-08 20:53:39.944  1552  1590 W NotificationService: Toast already killed. pkg=com.android.todolist callback=android.app.ITransientNotification$Stub$Proxy@b47825f
08-08 20:53:45.367  1552  1934 I ActivityTaskManager: START u0 {cmp=com.android.todolist/.Info} from uid 10228
08-08 20:53:45.406  1552  1934 I ActivityTaskManager: The Process com.android.todolist Already Exists in BG. So sending its PID: 23903
08-08 20:53:46.206  1552  1628 I Timeline: Timeline: Activity_windows_visible id: ActivityRecord{e9f33f1 u0 com.android.todolist/.Info t1321} time:134098327
08-08 20:53:47.927  1552  1628 I Timeline: Timeline: Activity_windows_visible id: ActivityRecord{5ccb5b7 u0 com.android.todolist/.MainActivity t1321} time:134100048
08-08 20:54:03.101  2983  6093 W MiuiPerfServiceClient: interceptAndQueuing:23903|com.android.todolist|175|120|unknown|null|com.android.todolist/com.android.todolist.MainActivity|134114835304716|Slow main thread|2
08-08 20:54:30.856  1552  2334 I ActivityTaskManager: START u0 {cmp=com.android.todolist/.About} from uid 10228
08-08 20:54:30.895  1552  2334 I ActivityTaskManager: The Process com.android.todolist Already Exists in BG. So sending its PID: 23903
08-08 20:54:31.610  1552  1628 I Timeline: Timeline: Activity_windows_visible id: ActivityRecord{db5ef3d u0 com.android.todolist/.About t1321} time:134143731
08-08 20:54:33.723  1552  1628 I Timeline: Timeline: Activity_windows_visible id: ActivityRecord{5ccb5b7 u0 com.android.todolist/.MainActivity t1321} time:134145845
08-08 21:01:09.126  1552  1628 I Timeline: Timeline: Activity_windows_visible id: ActivityRecord{5ccb5b7 u0 com.android.todolist/.MainActivity t1321} time:134541247
08-08 21:01:14.358  1552  3027 W NotificationService: Toast already killed. pkg=com.android.todolist callback=android.app.ITransientNotification$Stub$Proxy@d15e9b7
08-08 21:38:00.948  1552  3085 I ActivityTaskManager: START u0 {act=android.intent.action.MAIN cat=[android.intent.category.LAUNCHER] flg=0x10200000 cmp=com.android.todolist/.MainActivity bnds=[387,944][503,1060] (has extras)} from uid 10091
08-08 21:38:01.326  1552  1628 I Timeline: Timeline: Activity_windows_visible id: ActivityRecord{5ccb5b7 u0 com.android.todolist/.MainActivity t1321} time:136753447
08-08 21:38:09.266  1552  3062 W NotificationService: Toast already killed. pkg=com.android.todolist callback=android.app.ITransientNotification$Stub$Proxy@c49d013
08-08 21:38:12.820  1552  2329 I ActivityTaskManager: START u0 {cmp=com.android.todolist/.Info} from uid 10228
08-08 21:38:12.859  1552  3063 I ActivityTaskManager: The Process com.android.todolist Already Exists in BG. So sending its PID: 23903
08-08 21:38:13.589  1552  1628 I Timeline: Timeline: Activity_windows_visible id: ActivityRecord{51e5662 u0 com.android.todolist/.Info t1321} time:136765711
08-08 21:38:33.764  1552  1628 I Timeline: Timeline: Activity_windows_visible id: ActivityRecord{5ccb5b7 u0 com.android.todolist/.MainActivity t1321} time:136785885
08-08 21:39:13.970  1552  3062 I ProcessManager: SwipeUpClean: kill com.android.todolist Adj=900 State=19
08-08 21:39:13.971  1552  3062 I ActivityManager: Killing 23903:com.android.todolist/u0a228 (adj 900): SwipeUpClean
08-08 21:41:06.089  1552  3108 I ActivityTaskManager: START u0 {act=android.intent.action.MAIN cat=[android.intent.category.LAUNCHER] flg=0x10200000 cmp=com.android.todolist/.MainActivity bnds=[388,946][504,1062] (has extras)} from uid 10091
08-08 21:41:06.166  1552  1642 I ActivityManager: Start proc 16284:com.android.todolist/u0a228 for activity {com.android.todolist/com.android.todolist.MainActivity} caller=com.miui.home
08-08 21:41:07.599 16284 16284 W Looper  : Slow Looper main: Activity com.android.todolist/.MainActivity is 506ms late (wall=592ms running=0ms ClientTransaction{ callbacks=[android.app.servertransaction.LaunchActivityItem] lifecycleRequest=android.app.servertransaction.ResumeActivityItem }) because of 1 msg, msg 1 took 532ms (seq=2 late=2ms h=android.app.ActivityThread$H w=110)
08-08 21:41:07.606 16284 16284 W Looper  : Slow Looper main: Activity com.android.todolist/.MainActivity is 1105ms late (wall=0ms running=0ms ClientTransaction{ callbacks=[android.app.servertransaction.TopResumedActivityChangeItem] }) because of 2 msg, msg 1 took 532ms (seq=2 late=2ms h=android.app.ActivityThread$H w=110), msg 2 took 592ms (seq=3 late=506ms h=android.app.ActivityThread$H w=159)
08-08 21:41:07.815  1552  1628 I Timeline: Timeline: Activity_windows_visible id: ActivityRecord{fdcd933 u0 com.android.todolist/.MainActivity t1326} time:136939937
08-08 21:41:19.581  2983  6093 W MiuiPerfServiceClient: interceptAndQueuing:16284|com.android.todolist|457|195|unknown|null|com.android.todolist/com.android.todolist.MainActivity|136949262345770|Slow main thread|4
08-08 21:41:21.547  1552  3062 W NotificationService: Toast already killed. pkg=com.android.todolist callback=android.app.ITransientNotification$Stub$Proxy@2639b2b
08-08 21:41:22.676  1552  3428 I ActivityTaskManager: START u0 {cmp=com.android.todolist/.Info} from uid 10228
08-08 21:41:22.719  1552  3428 I ActivityTaskManager: The Process com.android.todolist Already Exists in BG. So sending its PID: 16284
08-08 21:41:23.518  1552  1628 I Timeline: Timeline: Activity_windows_visible id: ActivityRecord{1449921 u0 com.android.todolist/.Info t1326} time:136955639
08-08 21:41:27.094  1552  1628 I Timeline: Timeline: Activity_windows_visible id: ActivityRecord{fdcd933 u0 com.android.todolist/.MainActivity t1326} time:136959215
08-08 21:41:54.925  1552  1628 I Timeline: Timeline: Activity_windows_visible id: ActivityRecord{fdcd933 u0 com.android.todolist/.MainActivity t1326} time:136987046
08-08 21:42:02.205  1552  2084 W NotificationService: Toast already killed. pkg=com.android.todolist callback=android.app.ITransientNotification$Stub$Proxy@7a9d150
08-08 21:42:10.887  2983  6093 W MiuiPerfServiceClient: interceptAndQueuing:16284|com.android.todolist|320|160|unknown|null|com.android.todolist/com.android.todolist.MainActivity|137001517976584|Slow handle traversal|9
08-08 21:42:19.556  1552  2329 I ActivityTaskManager: START u0 {cmp=com.android.todolist/.Info} from uid 10228
08-08 21:42:19.598  1552  2334 I ActivityTaskManager: The Process com.android.todolist Already Exists in BG. So sending its PID: 16284
08-08 21:42:20.339  1552  1628 I Timeline: Timeline: Activity_windows_visible id: ActivityRecord{24aae34 u0 com.android.todolist/.Info t1326} time:137012460
08-08 21:42:26.473  1552  1628 I Timeline: Timeline: Activity_windows_visible id: ActivityRecord{fdcd933 u0 com.android.todolist/.MainActivity t1326} time:137018594
08-08 21:43:08.805  1552  2687 I ActivityTaskManager: START u0 {cmp=com.android.todolist/.ListActivity (has extras)} from uid 10228
08-08 21:43:08.838  1552  2329 I ActivityTaskManager: The Process com.android.todolist Already Exists in BG. So sending its PID: 16284
08-08 21:43:09.579  1552  1628 I Timeline: Timeline: Activity_windows_visible id: ActivityRecord{ffbd4fe u0 com.android.todolist/.ListActivity t1326} time:137061700
08-08 21:43:10.829  1552  2329 W NotificationService: Toast already killed. pkg=com.android.todolist callback=android.app.ITransientNotification$Stub$Proxy@56ca455
08-08 21:43:17.177  2983  6093 W MiuiPerfServiceClient: interceptAndQueuing:16284|com.android.todolist|283|266|unknown|null|com.android.todolist/com.android.todolist.ListActivity|137069183303693|Slow issue draw commands|3
08-08 21:43:35.817  1552  4573 I ActivityTaskManager: START u0 {cmp=com.android.todolist/.MainActivity} from uid 10228
08-08 21:43:35.842  1552  2329 I ActivityTaskManager: The Process com.android.todolist Already Exists in BG. So sending its PID: 16284
08-08 21:43:36.580  1552  1628 I Timeline: Timeline: Activity_windows_visible id: ActivityRecord{dc4ba34 u0 com.android.todolist/.MainActivity t1326} time:137088701
08-08 21:43:43.550  1552  4708 I ProcessManager: SwipeUpClean: kill com.android.todolist Adj=700 State=16
08-08 21:43:43.553  1552  4708 I ActivityManager: Killing 16284:com.android.todolist/u0a228 (adj 700): SwipeUpClean
08-08 21:43:43.612  1552  8469 I WindowManager: WIN DEATH: Window{26fe51e u0 com.android.todolist/com.android.todolist.MainActivity}
08-08 21:43:43.618  1552  1590 I WindowManager: WIN DEATH: Window{62073bd u0 com.android.todolist/com.android.todolist.MainActivity}
08-08 21:55:38.434  1552  3059 I ActivityTaskManager: START u0 {act=android.intent.action.MAIN cat=[android.intent.category.LAUNCHER] flg=0x10200000 cmp=com.android.todolist/.MainActivity bnds=[388,947][504,1063] (has extras)} from uid 10091
08-08 21:55:38.785  1552  1642 I ActivityManager: Start proc 17747:com.android.todolist/u0a228 for activity {com.android.todolist/com.android.todolist.MainActivity} caller=com.miui.home
08-08 21:55:40.724 17747 17747 W Activity: Slow Operation: Activity com.android.todolist/.MainActivity onCreate took 505ms
08-08 21:55:40.825 17747 17747 W Looper  : Slow Looper main: Activity com.android.todolist/.MainActivity is 598ms late (wall=693ms running=0ms ClientTransaction{ callbacks=[android.app.servertransaction.LaunchActivityItem] lifecycleRequest=android.app.servertransaction.ResumeActivityItem }) because of 1 msg, msg 1 took 605ms (seq=2 late=7ms h=android.app.ActivityThread$H w=110)
08-08 21:55:40.828 17747 17747 W Looper  : Slow Looper main: Activity com.android.todolist/.MainActivity is 1293ms late (wall=1ms running=0ms ClientTransaction{ callbacks=[android.app.servertransaction.TopResumedActivityChangeItem] }) because of 2 msg, msg 1 took 605ms (seq=2 late=7ms h=android.app.ActivityThread$H w=110), msg 2 took 693ms (seq=3 late=598ms h=android.app.ActivityThread$H w=159)
08-08 21:55:41.134  1552  1628 I Timeline: Timeline: Activity_windows_visible id: ActivityRecord{b8d82d7 u0 com.android.todolist/.MainActivity t1327} time:137813255
08-08 21:55:59.840  2983 30545 W MiuiPerfServiceClient: interceptAndQueuing:17747|com.android.todolist|384|158|unknown|null|com.android.todolist/com.android.todolist.MainActivity|137829346857674|Slow main thread|2
08-08 21:56:16.758  1552  1588 I ActivityTaskManager: START u0 {cmp=com.android.todolist/.ListActivity (has extras)} from uid 10228
08-08 21:56:16.793  1552  1588 I ActivityTaskManager: The Process com.android.todolist Already Exists in BG. So sending its PID: 17747
08-08 21:56:17.576  1552  1628 I Timeline: Timeline: Activity_windows_visible id: ActivityRecord{e38d89b u0 com.android.todolist/.ListActivity t1327} time:137849697
08-08 21:56:18.784  1552  3063 W NotificationService: Toast already killed. pkg=com.android.todolist callback=android.app.ITransientNotification$Stub$Proxy@ac6e957
08-08 21:56:36.979  1552  1590 I ActivityTaskManager: START u0 {cmp=com.android.todolist/.MainActivity} from uid 10228
08-08 21:56:37.013  1552  3063 I ActivityTaskManager: The Process com.android.todolist Already Exists in BG. So sending its PID: 17747
08-08 21:56:37.760  1552  1628 I Timeline: Timeline: Activity_windows_visible id: ActivityRecord{3402c6c u0 com.android.todolist/.MainActivity t1327} time:137869881
08-08 21:56:50.270  1552  8469 W NotificationService: Toast already killed. pkg=com.android.todolist callback=android.app.ITransientNotification$Stub$Proxy@17b4df
08-08 22:52:23.126  1552  1628 I Timeline: Timeline: Activity_windows_visible id: ActivityRecord{3402c6c u0 com.android.todolist/.MainActivity t1327} time:141215247
08-08 23:51:25.054  1552  3085 I ProcessManager: AutoLockOffClean: kill com.android.todolist Adj=700 State=16
08-08 23:51:25.055  1552  3085 I ActivityManager: Killing 17747:com.android.todolist/u0a228 (adj 700): AutoLockOffClean
08-08 23:51:25.193  1552  3048 I WindowManager: WIN DEATH: Window{51ef307 u0 com.android.todolist/com.android.todolist.MainActivity}
08-08 23:51:25.333  1552  2334 I WindowManager: WIN DEATH: Window{b730596 u0 com.android.todolist/com.android.todolist.MainActivity}
08-09 11:15:26.121  2180  2180 D Launcher.CellLayout: touch item:ShortcutInfo, id=84, itemType=0, user=UserHandle{0}, mIconType=0, pkgName=com.android.todolist, className=com.android.todolist.MainActivity, screenId=2, container=-100, cellX=2, cellY=4, spanX=1, spanY=1, isLandscapePos=false
08-09 14:14:32.444   769 27887 V installd: DexInv: --- BEGIN '/data/app/com.android.todolist-rcfWpxs2vuU5Mh4CoCaQPA==/base.apk' ---
08-09 14:14:32.755 19822 19822 I dex2oat : /apex/com.android.runtime/bin/dex2oat --input-vdex-fd=-1 --output-vdex-fd=11 --resolve-startup-const-strings=true --max-image-block-size=524288 --compiler-filter=quicken -j4 --debuggable --classpath-dir=/data/app/com.android.todolist-rcfWpxs2vuU5Mh4CoCaQPA== --class-loader-context=PCL[] --generate-mini-debug-info --compilation-reason=bg-dexopt
08-09 14:14:36.763   769 27887 V installd: DexInv: --- END '/data/app/com.android.todolist-rcfWpxs2vuU5Mh4CoCaQPA==/base.apk' (success) ---
08-09 14:19:49.702  2180  2180 D Launcher.CellLayout: touch item:ShortcutInfo, id=84, itemType=0, user=UserHandle{0}, mIconType=0, pkgName=com.android.todolist, className=com.android.todolist.MainActivity, screenId=2, container=-100, cellX=2, cellY=4, spanX=1, spanY=1, isLandscapePos=false
08-09 14:19:49.713  1552  3063 I ActivityTaskManager: START u0 {act=android.intent.action.MAIN cat=[android.intent.category.LAUNCHER] flg=0x10200000 cmp=com.android.todolist/.MainActivity bnds=[386,943][502,1059] (has extras)} from uid 10091
08-09 14:19:49.822  1552  1642 I ActivityManager: Start proc 21273:com.android.todolist/u0a228 for activity {com.android.todolist/com.android.todolist.MainActivity} caller=com.miui.home
08-09 14:19:49.997  4746 15144 I GST     : forePkg: com.android.todolist, preForePkg: com.miui.home
08-09 14:19:50.230 21273 21295 E Perf    : Fail to get file list com.android.todolist
08-09 14:19:50.231 21273 21295 E Perf    : Fail to get file list com.android.todolist
08-09 14:19:50.337 21273 21273 D ForceDarkHelper: updateByCheckExcludeList: pkg: com.android.todolist activity: com.android.todolist.MainActivity@1917baa
08-09 14:19:50.355 21273 21273 D ForceDarkHelper: updateByCheckExcludeList: pkg: com.android.todolist activity: com.android.todolist.MainActivity@1917baa
08-09 14:19:50.364 21273 21273 D ForceDarkHelper: updateByCheckExcludeList: pkg: com.android.todolist activity: com.android.todolist.MainActivity@1917baa
08-09 14:19:50.369 21273 21273 D ForceDarkHelper: updateByCheckExcludeList: pkg: com.android.todolist activity: com.android.todolist.MainActivity@1917baa
08-09 14:19:50.371 21273 21273 D ForceDarkHelper: updateByCheckExcludeList: pkg: com.android.todolist activity: com.android.todolist.MainActivity@1917baa
08-09 14:19:50.393 21273 21273 D ForceDarkHelper: updateByCheckExcludeList: pkg: com.android.todolist activity: com.android.todolist.MainActivity@1917baa
08-09 14:19:50.402 21273 21273 D ForceDarkHelper: updateByCheckExcludeList: pkg: com.android.todolist activity: com.android.todolist.MainActivity@1917baa
08-09 14:19:50.455 21273 21273 D ForceDarkHelper: updateByCheckExcludeList: pkg: com.android.todolist activity: com.android.todolist.MainActivity@1917baa
08-09 14:19:50.468 21273 21273 D ForceDarkHelper: updateByCheckExcludeList: pkg: com.android.todolist activity: com.android.todolist.MainActivity@1917baa
08-09 14:19:50.580 21273 21273 W Looper  : Slow Looper main: Activity com.android.todolist/.MainActivity is 575ms late (wall=1ms running=0ms ClientTransaction{ callbacks=[android.app.servertransaction.TopResumedActivityChangeItem] }) because of 3 msg, msg 2 took 217ms (seq=2 late=9ms h=android.app.ActivityThread$H w=110), msg 3 took 353ms (seq=3 late=223ms h=android.app.ActivityThread$H w=159)
08-09 14:19:50.480 21273 21273 D ForceDarkHelper: updateByCheckExcludeList: pkg: com.android.todolist activity: com.android.todolist.MainActivity@1917baa
08-09 14:19:50.650 21273 21273 D ForceDarkHelper: updateByCheckExcludeList: pkg: com.android.todolist activity: com.android.todolist.MainActivity@1917baa
08-09 14:19:50.655 21273 21273 D ForceDarkHelper: updateByCheckExcludeList: pkg: com.android.todolist activity: com.android.todolist.MainActivity@1917baa
08-09 14:19:50.660 21273 21273 D ForceDarkHelper: updateByCheckExcludeList: pkg: com.android.todolist activity: com.android.todolist.MainActivity@1917baa
08-09 14:19:50.716 21273 21273 D ForceDarkHelper: updateByCheckExcludeList: pkg: com.android.todolist activity: com.android.todolist.MainActivity@1917baa
08-09 14:19:50.757  1552  1628 I Timeline: Timeline: Activity_windows_visible id: ActivityRecord{8ce960e u0 com.android.todolist/.MainActivity t1362} time:150911496
08-09 14:19:50.804  3738  3738 I GoogleInputMethodService: GoogleInputMethodService.onStartInput():1919 onStartInput(EditorInfo{inputType=0x0(NULL) imeOptions=0x0 privateImeOptions=null actionName=UNSPECIFIED actionLabel=null actionId=0 initialSelStart=-1 initialSelEnd=-1 initialCapsMode=0x0 hintText=null label=null packageName=com.android.todolist fieldId=-1 fieldName=null extras=null}, false)
08-09 14:19:53.063 21273 21273 D ForceDarkHelper: updateByCheckExcludeList: pkg: com.android.todolist activity: com.android.todolist.MainActivity@1917baa
08-09 14:19:53.066 21273 21273 D ForceDarkHelper: updateByCheckExcludeList: pkg: com.android.todolist activity: com.android.todolist.MainActivity@1917baa
08-09 14:19:53.372  3738  3738 I GoogleInputMethodService: GoogleInputMethodService.onStartInput():1919 onStartInput(EditorInfo{inputType=0x0(NULL) imeOptions=0x0 privateImeOptions=null actionName=UNSPECIFIED actionLabel=null actionId=0 initialSelStart=-1 initialSelEnd=-1 initialCapsMode=0x0 hintText=null label=null packageName=com.android.todolist fieldId=-1 fieldName=null extras=null}, false)
08-09 14:19:54.674  3738  3738 I GoogleInputMethodService: GoogleInputMethodService.onStartInput():1919 onStartInput(EditorInfo{inputType=0x61(PersonName) imeOptions=0x6 privateImeOptions=null actionName=DONE actionLabel=null actionId=0 initialSelStart=0 initialSelEnd=0 initialCapsMode=0x0 hintText=non-empty label=null packageName=com.android.todolist fieldId=2131230821 fieldName=null extras=null}, false)
08-09 14:19:54.708 21273 21273 D ForceDarkHelper: updateByCheckExcludeList: pkg: com.android.todolist activity: com.android.todolist.MainActivity@1917baa
08-09 14:19:54.743  3738  3738 I GoogleInputMethodService: GoogleInputMethodService.onStartInputView():2023 onStartInputView(EditorInfo{inputType=0x61(PersonName) imeOptions=0x6 privateImeOptions=null actionName=DONE actionLabel=null actionId=0 initialSelStart=0 initialSelEnd=0 initialCapsMode=0x0 hintText=non-empty label=null packageName=com.android.todolist fieldId=2131230821 fieldName=null extras=null}, false)
08-09 14:19:55.056  3738  3738 I AndroidIME: AbstractIme.onActivate():91 LatinIme.onActivate() : EditorInfo = inputType=0x61(PersonName) imeOptions=0x6 privateImeOptions=null actionName=DONE actionLabel=null actionId=0 initialSelStart=0 initialSelEnd=0 initialCapsMode=0x0 hintText=non-empty label=null packageName=com.android.todolist fieldId=2131230821 fieldName=null extras=null, IncognitoMode = false, DeviceLocked = false
08-09 14:19:55.597 18788 19016 W qbj     : Infinite Data has no result for com.android.todolist [CONTEXT service_id=177 ]
08-09 14:19:55.598 18788 19046 W qbj     : Infinite Data has no result for com.android.todolist [CONTEXT service_id=177 ]
08-09 14:19:55.615 18788 21333 W qbj     : Infinite Data has no result for com.android.todolist [CONTEXT service_id=177 ]
08-09 14:19:55.617 18788 21333 W qbj     : Infinite Data has no result for com.android.todolist [CONTEXT service_id=177 ]
08-09 14:19:58.003 21273 21273 D ForceDarkHelper: updateByCheckExcludeList: pkg: com.android.todolist activity: com.android.todolist.MainActivity@1917baa
08-09 14:19:58.005 21273 21273 D ForceDarkHelper: updateByCheckExcludeList: pkg: com.android.todolist activity: com.android.todolist.MainActivity@1917baa
08-09 14:19:58.012 21273 21273 D ForceDarkHelper: updateByCheckExcludeList: pkg: com.android.todolist activity: com.android.todolist.MainActivity@1917baa
08-09 14:19:58.080  3738  3738 I GoogleInputMethodService: GoogleInputMethodService.onStartInput():1919 onStartInput(EditorInfo{inputType=0x0(NULL) imeOptions=0x0 privateImeOptions=null actionName=UNSPECIFIED actionLabel=null actionId=0 initialSelStart=-1 initialSelEnd=-1 initialCapsMode=0x0 hintText=null label=null packageName=com.android.todolist fieldId=-1 fieldName=null extras=null}, false)
08-09 14:20:02.541  4746 15144 I GST     : forePkg: com.miui.home, preForePkg: com.android.todolist
08-09 14:20:04.682  1552  3027 I ProcessManager: SwipeUpClean: kill com.android.todolist Adj=900 State=19
08-09 14:20:04.683  1552  3027 I ActivityManager: Killing 21273:com.android.todolist/u0a228 (adj 900): SwipeUpClean
08-09 14:23:11.158  2180  2180 D Launcher.CellLayout: touch item:ShortcutInfo, id=84, itemType=0, user=UserHandle{0}, mIconType=0, pkgName=com.android.todolist, className=com.android.todolist.MainActivity, screenId=2, container=-100, cellX=2, cellY=4, spanX=1, spanY=1, isLandscapePos=false
08-09 14:23:11.200  1552  1590 I ActivityTaskManager: START u0 {act=android.intent.action.MAIN cat=[android.intent.category.LAUNCHER] flg=0x10200000 cmp=com.android.todolist/.MainActivity bnds=[387,944][503,1060] (has extras)} from uid 10091
08-09 14:23:11.264   510   510 D OemNetd : setPidForPackage: packageName=com.android.todolist, pid=21567, pid=10228
08-09 14:23:11.264  1552  1642 I ActivityManager: Start proc 21567:com.android.todolist/u0a228 for activity {com.android.todolist/com.android.todolist.MainActivity} caller=com.miui.home
08-09 14:23:11.482  4746 15144 I GST     : forePkg: com.android.todolist, preForePkg: com.miui.home
08-09 14:23:11.656 21567 21588 E Perf    : Fail to get file list com.android.todolist
08-09 14:23:11.657 21567 21588 E Perf    : Fail to get file list com.android.todolist
08-09 14:23:11.753 21567 21567 D ForceDarkHelper: updateByCheckExcludeList: pkg: com.android.todolist activity: com.android.todolist.MainActivity@1917baa
08-09 14:23:11.769 21567 21567 D ForceDarkHelper: updateByCheckExcludeList: pkg: com.android.todolist activity: com.android.todolist.MainActivity@1917baa
08-09 14:23:11.780 21567 21567 D ForceDarkHelper: updateByCheckExcludeList: pkg: com.android.todolist activity: com.android.todolist.MainActivity@1917baa
08-09 14:23:11.883 21567 21567 D ForceDarkHelper: updateByCheckExcludeList: pkg: com.android.todolist activity: com.android.todolist.MainActivity@1917baa
08-09 14:23:11.978 21567 21567 W Looper  : Slow Looper main: Activity com.android.todolist/.MainActivity is 451ms late (wall=0ms running=0ms ClientTransaction{ callbacks=[android.app.servertransaction.TopResumedActivityChangeItem] }) because of 2 msg, msg 1 took 146ms (seq=2 late=1ms h=android.app.ActivityThread$H w=110), msg 2 took 323ms (seq=3 late=128ms h=android.app.ActivityThread$H w=159)
08-09 14:23:12.039 21567 21567 D ForceDarkHelper: updateByCheckExcludeList: pkg: com.android.todolist activity: com.android.todolist.MainActivity@1917baa
08-09 14:23:12.050 21567 21567 D ForceDarkHelper: updateByCheckExcludeList: pkg: com.android.todolist activity: com.android.todolist.MainActivity@1917baa
08-09 14:23:12.061 21567 21567 D ForceDarkHelper: updateByCheckExcludeList: pkg: com.android.todolist activity: com.android.todolist.MainActivity@1917baa
08-09 14:23:12.107 21567 21567 D ForceDarkHelper: updateByCheckExcludeList: pkg: com.android.todolist activity: com.android.todolist.MainActivity@1917baa
08-09 14:23:12.150  1552  1628 I Timeline: Timeline: Activity_windows_visible id: ActivityRecord{dc113b3 u0 com.android.todolist/.MainActivity t1363} time:151112889
08-09 14:23:12.197  3738  3738 I GoogleInputMethodService: GoogleInputMethodService.onStartInput():1919 onStartInput(EditorInfo{inputType=0x0(NULL) imeOptions=0x0 privateImeOptions=null actionName=UNSPECIFIED actionLabel=null actionId=0 initialSelStart=-1 initialSelEnd=-1 initialCapsMode=0x0 hintText=null label=null packageName=com.android.todolist fieldId=-1 fieldName=null extras=null}, false)
08-09 14:23:14.386 21567 21567 D ForceDarkHelper: updateByCheckExcludeList: pkg: com.android.todolist activity: com.android.todolist.MainActivity@1917baa
08-09 14:23:14.388 21567 21567 D ForceDarkHelper: updateByCheckExcludeList: pkg: com.android.todolist activity: com.android.todolist.MainActivity@1917baa
08-09 14:23:14.655  3738  3738 I GoogleInputMethodService: GoogleInputMethodService.onStartInput():1919 onStartInput(EditorInfo{inputType=0x0(NULL) imeOptions=0x0 privateImeOptions=null actionName=UNSPECIFIED actionLabel=null actionId=0 initialSelStart=-1 initialSelEnd=-1 initialCapsMode=0x0 hintText=null label=null packageName=com.android.todolist fieldId=-1 fieldName=null extras=null}, false)
08-09 14:23:15.394 21567 21567 D ForceDarkHelper: updateByCheckExcludeList: pkg: com.android.todolist activity: com.android.todolist.MainActivity@1917baa
08-09 14:23:15.410 21567 21567 D ForceDarkHelper: updateByCheckExcludeList: pkg: com.android.todolist activity: com.android.todolist.MainActivity@1917baa
08-09 14:23:15.459 21567 21567 I Toast   : Show toast from OpPackageName:com.android.todolist, PackageName:com.android.todolist
08-09 14:23:15.471  3738  3738 I GoogleInputMethodService: GoogleInputMethodService.onStartInput():1919 onStartInput(EditorInfo{inputType=0x0(NULL) imeOptions=0x0 privateImeOptions=null actionName=UNSPECIFIED actionLabel=null actionId=0 initialSelStart=-1 initialSelEnd=-1 initialCapsMode=0x0 hintText=null label=null packageName=com.android.todolist fieldId=-1 fieldName=null extras=null}, false)
08-09 14:23:17.445  1552  1934 W NotificationService: Toast already killed. pkg=com.android.todolist callback=android.app.ITransientNotification$Stub$Proxy@2f2a5bc
08-09 14:23:17.609  1552  1934 I ActivityTaskManager: START u0 {cmp=com.android.todolist/.Info} from uid 10228
08-09 14:23:17.654  1552  1934 I ActivityTaskManager: The Process com.android.todolist Already Exists in BG. So sending its PID: 21567
08-09 14:23:17.693 21567 21567 D ForceDarkHelper: updateByCheckExcludeList: pkg: com.android.todolist activity: com.android.todolist.Info@7073d29
08-09 14:23:17.748 21567 21567 D ForceDarkHelper: updateByCheckExcludeList: pkg: com.android.todolist activity: com.android.todolist.Info@7073d29
08-09 14:23:17.939  3738  3738 I GoogleInputMethodService: GoogleInputMethodService.onStartInput():1919 onStartInput(EditorInfo{inputType=0x0(NULL) imeOptions=0x0 privateImeOptions=null actionName=UNSPECIFIED actionLabel=null actionId=0 initialSelStart=-1 initialSelEnd=-1 initialCapsMode=0x0 hintText=null label=null packageName=com.android.todolist fieldId=-1 fieldName=null extras=null}, false)
08-09 14:23:18.408  1552  1628 I Timeline: Timeline: Activity_windows_visible id: ActivityRecord{a0d289a u0 com.android.todolist/.Info t1363} time:151119147
08-09 14:23:18.659  3738  3738 I GoogleInputMethodService: GoogleInputMethodService.onStartInput():1919 onStartInput(EditorInfo{inputType=0x0(NULL) imeOptions=0x0 privateImeOptions=null actionName=UNSPECIFIED actionLabel=null actionId=0 initialSelStart=-1 initialSelEnd=-1 initialCapsMode=0x0 hintText=null label=null packageName=com.android.todolist fieldId=-1 fieldName=null extras=null}, false)
08-09 14:23:19.143  1552  1628 I Timeline: Timeline: Activity_windows_visible id: ActivityRecord{dc113b3 u0 com.android.todolist/.MainActivity t1363} time:151119882
08-09 14:23:19.562  4746 15144 I GST     : forePkg: com.miui.home, preForePkg: com.android.todolist
08-09 14:26:45.504  2180  2180 D Launcher.CellLayout: touch item:ShortcutInfo, id=84, itemType=0, user=UserHandle{0}, mIconType=0, pkgName=com.android.todolist, className=com.android.todolist.MainActivity, screenId=2, container=-100, cellX=2, cellY=4, spanX=1, spanY=1, isLandscapePos=false
08-09 14:26:45.555  1552  2306 I ActivityTaskManager: START u0 {act=android.intent.action.MAIN cat=[android.intent.category.LAUNCHER] flg=0x10200000 cmp=com.android.todolist/.MainActivity bnds=[388,946][504,1062] (has extras)} from uid 10091
08-09 14:26:45.587  4746 15144 I GST     : forePkg: com.android.todolist, preForePkg: com.miui.home
08-09 14:26:45.699  3738  3738 I GoogleInputMethodService: GoogleInputMethodService.onStartInput():1919 onStartInput(EditorInfo{inputType=0x0(NULL) imeOptions=0x0 privateImeOptions=null actionName=UNSPECIFIED actionLabel=null actionId=0 initialSelStart=-1 initialSelEnd=-1 initialCapsMode=0x0 hintText=null label=null packageName=com.android.todolist fieldId=-1 fieldName=null extras=null}, false)
08-09 14:26:45.901  1552  1628 I Timeline: Timeline: Activity_windows_visible id: ActivityRecord{dc113b3 u0 com.android.todolist/.MainActivity t1363} time:151326640
08-09 14:26:46.854 21567 21567 D ForceDarkHelper: updateByCheckExcludeList: pkg: com.android.todolist activity: com.android.todolist.MainActivity@1917baa
08-09 14:26:46.856 21567 21567 D ForceDarkHelper: updateByCheckExcludeList: pkg: com.android.todolist activity: com.android.todolist.MainActivity@1917baa
08-09 14:26:47.080  3738  3738 I GoogleInputMethodService: GoogleInputMethodService.onStartInput():1919 onStartInput(EditorInfo{inputType=0x0(NULL) imeOptions=0x0 privateImeOptions=null actionName=UNSPECIFIED actionLabel=null actionId=0 initialSelStart=-1 initialSelEnd=-1 initialCapsMode=0x0 hintText=null label=null packageName=com.android.todolist fieldId=-1 fieldName=null extras=null}, false)
08-09 14:26:48.244  3738  3738 I GoogleInputMethodService: GoogleInputMethodService.onStartInput():1919 onStartInput(EditorInfo{inputType=0x61(PersonName) imeOptions=0x6 privateImeOptions=null actionName=DONE actionLabel=null actionId=0 initialSelStart=0 initialSelEnd=0 initialCapsMode=0x0 hintText=non-empty label=null packageName=com.android.todolist fieldId=2131230821 fieldName=null extras=null}, false)
08-09 14:26:48.249  3738  3738 I GoogleInputMethodService: GoogleInputMethodService.onStartInputView():2023 onStartInputView(EditorInfo{inputType=0x61(PersonName) imeOptions=0x6 privateImeOptions=null actionName=DONE actionLabel=null actionId=0 initialSelStart=0 initialSelEnd=0 initialCapsMode=0x0 hintText=non-empty label=null packageName=com.android.todolist fieldId=2131230821 fieldName=null extras=null}, false)
08-09 14:26:48.249 21567 21567 D ForceDarkHelper: updateByCheckExcludeList: pkg: com.android.todolist activity: com.android.todolist.MainActivity@1917baa
