08-09 14:48:48.708  1552  7278 I ActivityTaskManager: START u0 {act=android.intent.action.MAIN cat=[android.intent.category.LAUNCHER] flg=0x10200000 cmp=com.android.todolist/.MainActivity bnds=[386,943][502,1059] (has extras)} from uid 10091
08-09 14:48:48.759  1552  7278 I ActivityTaskManager: The Process com.android.todolist Already Exists in BG. So sending its PID: 24174
08-09 14:48:48.763  3165  6475 I ProcessMonitor: onForegroundInfoChanged: ForegroundInfo{mForegroundPackageName='com.android.todolist', mForegroundUid=10229, mForegroundPid=24174, mLastForegroundPackageName='com.miui.home', mLastForegroundUid=10091, mLastForegroundPid=2180, mMultiWindowForegroundPackageName='null', mMultiWindowForegroundUid=-1, mFlags=0}
08-09 14:48:48.763  4739  7175 D PerfEngineController: ForegroundInfo{mForegroundPackageName='com.android.todolist', mForegroundUid=10229, mForegroundPid=24174, mLastForegroundPackageName='com.miui.home', mLastForegroundUid=10091, mLastForegroundPid=2180, mMultiWindowForegroundPackageName='null', mMultiWindowForegroundUid=-1, mFlags=0}
08-09 14:48:48.765  3165  6475 I GameBoosterService: onForegroundInfoChanged: Cur=com.android.todolist	 last=com.miui.home
08-09 14:48:48.766  3165  6475 D GameBoosterService: onGameStatusChange foreground:ForegroundInfo{mForegroundPackageName='com.android.todolist', mForegroundUid=10229, mForegroundPid=24174, mLastForegroundPackageName='com.miui.home', mLastForegroundUid=10091, mLastForegroundPid=2180, mMultiWindowForegroundPackageName='null', mMultiWindowForegroundUid=-1, mFlags=0}
08-09 14:48:48.832  4746 15144 I GST     : forePkg: com.android.todolist, preForePkg: com.miui.home
08-09 14:48:48.920 24174 24174 D ForceDarkHelper: updateByCheckExcludeList: pkg: com.android.todolist activity: com.android.todolist.MainActivity@9c77245
08-09 14:48:49.011 24174 24174 I chatty  : uid=10229(com.android.todolist) identical 26 lines
08-09 14:48:49.017 24174 24174 D ForceDarkHelper: updateByCheckExcludeList: pkg: com.android.todolist activity: com.android.todolist.MainActivity@9c77245
08-09 14:48:49.103 24174 24174 D ForceDarkHelper: updateByCheckExcludeList: pkg: com.android.todolist activity: com.android.todolist.MainActivity@9c77245
08-09 14:48:49.107 24174 24174 D ForceDarkHelper: updateByCheckExcludeList: pkg: com.android.todolist activity: com.android.todolist.MainActivity@9c77245
08-09 14:48:49.111 24174 24174 D ForceDarkHelper: updateByCheckExcludeList: pkg: com.android.todolist activity: com.android.todolist.MainActivity@9c77245
08-09 14:48:49.128 24174 24174 D ForceDarkHelper: updateByCheckExcludeList: pkg: com.android.todolist activity: com.android.todolist.MainActivity@9c77245
08-09 14:48:49.130 24174 24174 D ForceDarkHelper: updateByCheckExcludeList: pkg: com.android.todolist activity: com.android.todolist.MainActivity@9c77245
08-09 14:48:49.156 24174 24174 D ForceDarkHelper: updateByCheckExcludeList: pkg: com.android.todolist activity: com.android.todolist.MainActivity@9c77245
08-09 14:48:49.285  1552  1628 I Timeline: Timeline: Activity_windows_visible id: ActivityRecord{d46f0f u0 com.android.todolist/.MainActivity t1368} time:152650024
08-09 14:48:49.289  1552  1640 I ActivityTaskManager: Displayed com.android.todolist/.MainActivity: +578ms
08-09 14:48:49.326  3738  3738 I GoogleInputMethodService: GoogleInputMethodService.onStartInput():1919 onStartInput(EditorInfo{inputType=0x0(NULL) imeOptions=0x0 privateImeOptions=null actionName=UNSPECIFIED actionLabel=null actionId=0 initialSelStart=-1 initialSelEnd=-1 initialCapsMode=0x0 hintText=null label=null packageName=com.android.todolist fieldId=-1 fieldName=null extras=null}, false)
08-09 14:49:37.033  3738  3738 I GoogleInputMethodService: GoogleInputMethodService.onStartInput():1919 onStartInput(EditorInfo{inputType=0x0(NULL) imeOptions=0x0 privateImeOptions=null actionName=UNSPECIFIED actionLabel=null actionId=0 initialSelStart=-1 initialSelEnd=-1 initialCapsMode=0x0 hintText=null label=null packageName=com.android.todolist fieldId=-1 fieldName=null extras=null}, false)
08-09 14:49:37.922  4739  5155 D PowerCheckerService: foreground, uid = 10229, app = com.android.todolist
08-09 14:49:38.178  4739  5155 D PowerCheckerService: foreground, uid = 10229, app = com.android.todolist
08-09 14:49:39.257  3738  3738 I GoogleInputMethodService: GoogleInputMethodService.onStartInput():1919 onStartInput(EditorInfo{inputType=0x0(NULL) imeOptions=0x0 privateImeOptions=null actionName=UNSPECIFIED actionLabel=null actionId=0 initialSelStart=-1 initialSelEnd=-1 initialCapsMode=0x0 hintText=null label=null packageName=com.android.todolist fieldId=-1 fieldName=null extras=null}, false)
08-09 14:49:39.452  1552  1628 I Timeline: Timeline: Activity_windows_visible id: ActivityRecord{d46f0f u0 com.android.todolist/.MainActivity t1368} time:152700191
08-09 14:50:08.055 24174 24174 D ForceDarkHelper: updateByCheckExcludeList: pkg: com.android.todolist activity: com.android.todolist.MainActivity@23c7734
08-09 14:50:08.070 24174 24174 I chatty  : uid=10229(com.android.todolist) identical 24 lines
08-09 14:50:08.072 24174 24174 D ForceDarkHelper: updateByCheckExcludeList: pkg: com.android.todolist activity: com.android.todolist.MainActivity@23c7734
08-09 14:50:08.073 24174 24174 D ForceDarkHelper: updateByCheckExcludeList: pkg: com.android.todolist activity: com.android.todolist.MainActivity@23c7734
08-09 14:50:08.082 24174 24174 D ForceDarkHelper: updateByCheckExcludeList: pkg: com.android.todolist activity: com.android.todolist.MainActivity@23c7734
08-09 14:50:08.242 24174 24174 D ForceDarkHelper: updateByCheckExcludeList: pkg: com.android.todolist activity: com.android.todolist.MainActivity@23c7734
08-09 14:50:08.247 24174 24174 D ForceDarkHelper: updateByCheckExcludeList: pkg: com.android.todolist activity: com.android.todolist.MainActivity@23c7734
08-09 14:50:08.260 24174 24174 D ForceDarkHelper: updateByCheckExcludeList: pkg: com.android.todolist activity: com.android.todolist.MainActivity@23c7734
08-09 14:50:08.328  1552  1628 I Timeline: Timeline: Activity_windows_visible id: ActivityRecord{d46f0f u0 com.android.todolist/.MainActivity t1368} time:152729067
08-09 14:50:08.508  3738  3738 I GoogleInputMethodService: GoogleInputMethodService.onStartInput():1919 onStartInput(EditorInfo{inputType=0x0(NULL) imeOptions=0x0 privateImeOptions=null actionName=UNSPECIFIED actionLabel=null actionId=0 initialSelStart=-1 initialSelEnd=-1 initialCapsMode=0x0 hintText=null label=null packageName=com.android.todolist fieldId=-1 fieldName=null extras=null}, true)
08-09 14:50:08.512  3738  3738 I GoogleInputMethodService: GoogleInputMethodService.onStartInput():1919 onStartInput(EditorInfo{inputType=0x0(NULL) imeOptions=0x0 privateImeOptions=null actionName=UNSPECIFIED actionLabel=null actionId=0 initialSelStart=-1 initialSelEnd=-1 initialCapsMode=0x0 hintText=null label=null packageName=com.android.todolist fieldId=-1 fieldName=null extras=null}, false)
08-09 14:50:27.770  1552  4573 E InputDispatcher: Window handle Window{187853c u0 com.android.todolist/com.android.todolist.MainActivity} has no registered input channel
08-09 14:50:27.776  3738  3738 I GoogleInputMethodService: GoogleInputMethodService.onStartInput():1919 onStartInput(EditorInfo{inputType=0x0(NULL) imeOptions=0x0 privateImeOptions=null actionName=UNSPECIFIED actionLabel=null actionId=0 initialSelStart=-1 initialSelEnd=-1 initialCapsMode=0x0 hintText=null label=null packageName=com.android.todolist fieldId=-1 fieldName=null extras=null}, true)
08-09 14:50:27.791 24174 24174 D ForceDarkHelper: updateByCheckExcludeList: pkg: com.android.todolist activity: com.android.todolist.MainActivity@94d2114
08-09 14:50:27.793 24174 24174 D ForceDarkHelper: updateByCheckExcludeList: pkg: com.android.todolist activity: com.android.todolist.MainActivity@94d2114
08-09 14:50:27.801 24174 24174 D ForceDarkHelper: updateByCheckExcludeList: pkg: com.android.todolist activity: com.android.todolist.MainActivity@94d2114
08-09 14:50:27.802 24174 24174 I chatty  : uid=10229(com.android.todolist) identical 9 lines
08-09 14:50:27.804 24174 24174 D ForceDarkHelper: updateByCheckExcludeList: pkg: com.android.todolist activity: com.android.todolist.MainActivity@94d2114
08-09 14:50:27.808 24174 24174 D ForceDarkHelper: updateByCheckExcludeList: pkg: com.android.todolist activity: com.android.todolist.MainActivity@94d2114
08-09 14:50:27.811 24174 24174 D ForceDarkHelper: updateByCheckExcludeList: pkg: com.android.todolist activity: com.android.todolist.MainActivity@94d2114
08-09 14:50:27.818 24174 24174 D ForceDarkHelper: updateByCheckExcludeList: pkg: com.android.todolist activity: com.android.todolist.MainActivity@94d2114
08-09 14:50:27.848 24174 24174 D ForceDarkHelper: updateByCheckExcludeList: pkg: com.android.todolist activity: com.android.todolist.MainActivity@94d2114
08-09 14:50:27.936 24174 24174 D ForceDarkHelper: updateByCheckExcludeList: pkg: com.android.todolist activity: com.android.todolist.MainActivity@94d2114
08-09 14:50:27.971 24174 24174 I chatty  : uid=10229(com.android.todolist) identical 9 lines
08-09 14:50:27.973 24174 24174 D ForceDarkHelper: updateByCheckExcludeList: pkg: com.android.todolist activity: com.android.todolist.MainActivity@94d2114
08-09 14:50:27.976 24174 24174 D ForceDarkHelper: updateByCheckExcludeList: pkg: com.android.todolist activity: com.android.todolist.MainActivity@94d2114
08-09 14:50:27.983 24174 24174 D ForceDarkHelper: updateByCheckExcludeList: pkg: com.android.todolist activity: com.android.todolist.MainActivity@94d2114
08-09 14:50:27.983 24174 24174 D ForceDarkHelper: updateByCheckExcludeList: pkg: com.android.todolist activity: com.android.todolist.MainActivity@94d2114
08-09 14:50:27.985 24174 24174 D ForceDarkHelper: updateByCheckExcludeList: pkg: com.android.todolist activity: com.android.todolist.MainActivity@94d2114
08-09 14:50:27.987 24174 24174 I chatty  : uid=10229(com.android.todolist) identical 1 line
08-09 14:50:27.990 24174 24174 D ForceDarkHelper: updateByCheckExcludeList: pkg: com.android.todolist activity: com.android.todolist.MainActivity@94d2114
08-09 14:50:28.017  1552  1628 I Timeline: Timeline: Activity_windows_visible id: ActivityRecord{d46f0f u0 com.android.todolist/.MainActivity t1368} time:152748756
08-09 14:50:28.050  3738  3738 I GoogleInputMethodService: GoogleInputMethodService.onStartInput():1919 onStartInput(EditorInfo{inputType=0x0(NULL) imeOptions=0x0 privateImeOptions=null actionName=UNSPECIFIED actionLabel=null actionId=0 initialSelStart=-1 initialSelEnd=-1 initialCapsMode=0x0 hintText=null label=null packageName=com.android.todolist fieldId=-1 fieldName=null extras=null}, false)
08-09 14:51:09.102  3738  3738 I GoogleInputMethodService: GoogleInputMethodService.onStartInput():1919 onStartInput(EditorInfo{inputType=0x0(NULL) imeOptions=0x0 privateImeOptions=null actionName=UNSPECIFIED actionLabel=null actionId=0 initialSelStart=-1 initialSelEnd=-1 initialCapsMode=0x0 hintText=null label=null packageName=com.android.todolist fieldId=-1 fieldName=null extras=null}, true)
08-09 14:51:09.110 24174 24174 D ForceDarkHelper: updateByCheckExcludeList: pkg: com.android.todolist activity: com.android.todolist.MainActivity@a0351f7
08-09 14:51:09.112 24174 24174 D ForceDarkHelper: updateByCheckExcludeList: pkg: com.android.todolist activity: com.android.todolist.MainActivity@a0351f7
08-09 14:51:09.117 24174 24174 D ForceDarkHelper: updateByCheckExcludeList: pkg: com.android.todolist activity: com.android.todolist.MainActivity@a0351f7
08-09 14:51:09.118 24174 24174 D ForceDarkHelper: updateByCheckExcludeList: pkg: com.android.todolist activity: com.android.todolist.MainActivity@a0351f7
08-09 14:51:09.120 24174 24174 D ForceDarkHelper: updateByCheckExcludeList: pkg: com.android.todolist activity: com.android.todolist.MainActivity@a0351f7
08-09 14:51:09.124 24174 24174 D ForceDarkHelper: updateByCheckExcludeList: pkg: com.android.todolist activity: com.android.todolist.MainActivity@a0351f7
08-09 14:51:09.126 24174 24174 D ForceDarkHelper: updateByCheckExcludeList: pkg: com.android.todolist activity: com.android.todolist.MainActivity@a0351f7
08-09 14:51:09.127 24174 24174 D ForceDarkHelper: updateByCheckExcludeList: pkg: com.android.todolist activity: com.android.todolist.MainActivity@a0351f7
08-09 14:51:09.135 24174 24174 D ForceDarkHelper: updateByCheckExcludeList: pkg: com.android.todolist activity: com.android.todolist.MainActivity@a0351f7
08-09 14:51:09.136 24174 24174 I chatty  : uid=10229(com.android.todolist) identical 8 lines
08-09 14:51:09.141 24174 24174 D ForceDarkHelper: updateByCheckExcludeList: pkg: com.android.todolist activity: com.android.todolist.MainActivity@a0351f7
08-09 14:51:09.152 24174 24174 D ForceDarkHelper: updateByCheckExcludeList: pkg: com.android.todolist activity: com.android.todolist.MainActivity@a0351f7
08-09 14:51:09.170 24174 24174 D ForceDarkHelper: updateByCheckExcludeList: pkg: com.android.todolist activity: com.android.todolist.MainActivity@a0351f7
08-09 14:51:09.172 24174 24174 D ForceDarkHelper: updateByCheckExcludeList: pkg: com.android.todolist activity: com.android.todolist.MainActivity@a0351f7
08-09 14:51:09.250 24174 24174 D ForceDarkHelper: updateByCheckExcludeList: pkg: com.android.todolist activity: com.android.todolist.MainActivity@a0351f7
08-09 14:51:09.254 24174 24174 D ForceDarkHelper: updateByCheckExcludeList: pkg: com.android.todolist activity: com.android.todolist.MainActivity@a0351f7
08-09 14:51:09.257 24174 24174 D ForceDarkHelper: updateByCheckExcludeList: pkg: com.android.todolist activity: com.android.todolist.MainActivity@a0351f7
08-09 14:51:09.265 24174 24174 D ForceDarkHelper: updateByCheckExcludeList: pkg: com.android.todolist activity: com.android.todolist.MainActivity@a0351f7
08-09 14:51:09.272 24174 24174 D ForceDarkHelper: updateByCheckExcludeList: pkg: com.android.todolist activity: com.android.todolist.MainActivity@a0351f7
08-09 14:51:09.274 24174 24174 D ForceDarkHelper: updateByCheckExcludeList: pkg: com.android.todolist activity: com.android.todolist.MainActivity@a0351f7
08-09 14:51:09.277 24174 24174 D ForceDarkHelper: updateByCheckExcludeList: pkg: com.android.todolist activity: com.android.todolist.MainActivity@a0351f7
08-09 14:51:09.288 24174 24174 D ForceDarkHelper: updateByCheckExcludeList: pkg: com.android.todolist activity: com.android.todolist.MainActivity@a0351f7
08-09 14:51:09.296 24174 24174 D ForceDarkHelper: updateByCheckExcludeList: pkg: com.android.todolist activity: com.android.todolist.MainActivity@a0351f7
08-09 14:51:09.297 24174 24174 D ForceDarkHelper: updateByCheckExcludeList: pkg: com.android.todolist activity: com.android.todolist.MainActivity@a0351f7
08-09 14:51:09.323  1552  1628 I Timeline: Timeline: Activity_windows_visible id: ActivityRecord{d46f0f u0 com.android.todolist/.MainActivity t1368} time:152790062
08-09 14:51:09.331  1552  1628 I WindowManager: Screen frozen for +456ms due to Window{ae0baeb u0 com.android.todolist/com.android.todolist.MainActivity}
08-09 14:51:09.388  3738  3738 I GoogleInputMethodService: GoogleInputMethodService.onStartInput():1919 onStartInput(EditorInfo{inputType=0x0(NULL) imeOptions=0x0 privateImeOptions=null actionName=UNSPECIFIED actionLabel=null actionId=0 initialSelStart=-1 initialSelEnd=-1 initialCapsMode=0x0 hintText=null label=null packageName=com.android.todolist fieldId=-1 fieldName=null extras=null}, false)
08-09 14:51:27.017  3738  3738 I GoogleInputMethodService: GoogleInputMethodService.onStartInput():1919 onStartInput(EditorInfo{inputType=0x0(NULL) imeOptions=0x0 privateImeOptions=null actionName=UNSPECIFIED actionLabel=null actionId=0 initialSelStart=-1 initialSelEnd=-1 initialCapsMode=0x0 hintText=null label=null packageName=com.android.todolist fieldId=-1 fieldName=null extras=null}, false)
08-09 14:51:27.871  3738  3738 I GoogleInputMethodService: GoogleInputMethodService.onStartInput():1919 onStartInput(EditorInfo{inputType=0x0(NULL) imeOptions=0x0 privateImeOptions=null actionName=UNSPECIFIED actionLabel=null actionId=0 initialSelStart=-1 initialSelEnd=-1 initialCapsMode=0x0 hintText=null label=null packageName=com.android.todolist fieldId=-1 fieldName=null extras=null}, true)
08-09 14:51:27.973  4739  5155 D PowerCheckerService: foreground, uid = 10229, app = com.android.todolist
08-09 14:52:45.188  4739  5155 D PowerCheckerService: foreground, uid = 10229, app = com.android.todolist
08-09 14:52:46.032 24174 24174 D ForceDarkHelper: updateByCheckExcludeList: pkg: com.android.todolist activity: com.android.todolist.MainActivity@55c0ea1
08-09 14:52:46.280 24174 24174 I chatty  : uid=10229(com.android.todolist) identical 32 lines
08-09 14:52:46.282 24174 24174 D ForceDarkHelper: updateByCheckExcludeList: pkg: com.android.todolist activity: com.android.todolist.MainActivity@55c0ea1
08-09 14:52:46.524  3738  3738 I GoogleInputMethodService: GoogleInputMethodService.onStartInput():1919 onStartInput(EditorInfo{inputType=0x0(NULL) imeOptions=0x0 privateImeOptions=null actionName=UNSPECIFIED actionLabel=null actionId=0 initialSelStart=-1 initialSelEnd=-1 initialCapsMode=0x0 hintText=null label=null packageName=com.android.todolist fieldId=-1 fieldName=null extras=null}, false)
08-09 14:52:46.630  1552  1628 I Timeline: Timeline: Activity_windows_visible id: ActivityRecord{d46f0f u0 com.android.todolist/.MainActivity t1368} time:152887369
08-09 14:52:47.319 24174 24174 D ForceDarkHelper: updateByCheckExcludeList: pkg: com.android.todolist activity: com.android.todolist.MainActivity@55c0ea1
08-09 14:52:47.325 24174 24174 D ForceDarkHelper: updateByCheckExcludeList: pkg: com.android.todolist activity: com.android.todolist.MainActivity@55c0ea1
08-09 14:52:47.597  3738  3738 I GoogleInputMethodService: GoogleInputMethodService.onStartInput():1919 onStartInput(EditorInfo{inputType=0x0(NULL) imeOptions=0x0 privateImeOptions=null actionName=UNSPECIFIED actionLabel=null actionId=0 initialSelStart=-1 initialSelEnd=-1 initialCapsMode=0x0 hintText=null label=null packageName=com.android.todolist fieldId=-1 fieldName=null extras=null}, false)
08-09 14:52:48.690  3738  3738 I GoogleInputMethodService: GoogleInputMethodService.onStartInput():1919 onStartInput(EditorInfo{inputType=0x61(PersonName) imeOptions=0x6 privateImeOptions=null actionName=DONE actionLabel=null actionId=0 initialSelStart=0 initialSelEnd=0 initialCapsMode=0x0 hintText=non-empty label=null packageName=com.android.todolist fieldId=2131230821 fieldName=null extras=null}, false)
08-09 14:52:48.730  3738  3738 I GoogleInputMethodService: GoogleInputMethodService.onStartInputView():2023 onStartInputView(EditorInfo{inputType=0x61(PersonName) imeOptions=0x6 privateImeOptions=null actionName=DONE actionLabel=null actionId=0 initialSelStart=0 initialSelEnd=0 initialCapsMode=0x0 hintText=non-empty label=null packageName=com.android.todolist fieldId=2131230821 fieldName=null extras=null}, false)
08-09 14:52:48.737 24174 24174 D ForceDarkHelper: updateByCheckExcludeList: pkg: com.android.todolist activity: com.android.todolist.MainActivity@55c0ea1
08-09 14:52:48.859  3738  3738 I AndroidIME: AbstractIme.onActivate():91 LatinIme.onActivate() : EditorInfo = inputType=0x61(PersonName) imeOptions=0x6 privateImeOptions=null actionName=DONE actionLabel=null actionId=0 initialSelStart=0 initialSelEnd=0 initialCapsMode=0x0 hintText=non-empty label=null packageName=com.android.todolist fieldId=2131230821 fieldName=null extras=null, IncognitoMode = false, DeviceLocked = false
08-09 14:52:49.135  2983 30545 W MiuiPerfServiceClient: interceptAndQueuing:24174|com.android.todolist|249|245|unknown|null|com.android.todolist/com.android.todolist.MainActivity|152889561925939|Slow issue draw commands|2
08-09 14:52:49.263 18788 19046 W qbj     : Infinite Data has no result for com.android.todolist [CONTEXT service_id=177 ]
08-09 14:52:49.304 18788 21740 W qbj     : Infinite Data has no result for com.android.todolist [CONTEXT service_id=177 ]
08-09 14:52:52.529  1552  3043 E InputDispatcher: Window handle Window{fb31d5c u0 com.android.todolist/com.android.todolist.MainActivity} has no registered input channel
08-09 14:52:52.535 24174 24174 D ForceDarkHelper: updateByCheckExcludeList: pkg: com.android.todolist activity: com.android.todolist.MainActivity@55c0ea1
08-09 14:52:52.537 24174 24174 I chatty  : uid=10229(com.android.todolist) identical 1 line
08-09 14:52:52.544 24174 24174 D ForceDarkHelper: updateByCheckExcludeList: pkg: com.android.todolist activity: com.android.todolist.MainActivity@55c0ea1
08-09 14:52:52.608  3738  3738 I GoogleInputMethodService: GoogleInputMethodService.onStartInput():1919 onStartInput(EditorInfo{inputType=0x0(NULL) imeOptions=0x0 privateImeOptions=null actionName=UNSPECIFIED actionLabel=null actionId=0 initialSelStart=-1 initialSelEnd=-1 initialCapsMode=0x0 hintText=null label=null packageName=com.android.todolist fieldId=-1 fieldName=null extras=null}, false)
08-09 14:52:55.244  3165 15375 I ProcessMonitor: onForegroundInfoChanged: ForegroundInfo{mForegroundPackageName='com.miui.home', mForegroundUid=10091, mForegroundPid=2180, mLastForegroundPackageName='com.android.todolist', mLastForegroundUid=10229, mLastForegroundPid=24174, mMultiWindowForegroundPackageName='null', mMultiWindowForegroundUid=-1, mFlags=0}
08-09 14:52:55.244  4739  7175 D PerfEngineController: ForegroundInfo{mForegroundPackageName='com.miui.home', mForegroundUid=10091, mForegroundPid=2180, mLastForegroundPackageName='com.android.todolist', mLastForegroundUid=10229, mLastForegroundPid=24174, mMultiWindowForegroundPackageName='null', mMultiWindowForegroundUid=-1, mFlags=0}
08-09 14:52:55.298  3165 15375 I GameBoosterService: onForegroundInfoChanged: Cur=com.miui.home	 last=com.android.todolist
08-09 14:52:55.300  3165 15375 D GameBoosterService: onGameStatusChange foreground:ForegroundInfo{mForegroundPackageName='com.miui.home', mForegroundUid=10091, mForegroundPid=2180, mLastForegroundPackageName='com.android.todolist', mLastForegroundUid=10229, mLastForegroundPid=24174, mMultiWindowForegroundPackageName='null', mMultiWindowForegroundUid=-1, mFlags=0}
08-09 14:52:55.350  4746 15144 I GST     : forePkg: com.miui.home, preForePkg: com.android.todolist
08-09 14:52:57.450  1552  3027 D WindowProcessUtils: remove task: TaskRecord{d3fb75 #1368 A=com.android.todolist U=0 StackId=-1 sz=0}
08-09 14:52:57.451  1552  3027 I ProcessManager: SwipeUpClean: kill com.android.todolist Adj=900 State=19
08-09 14:52:57.452  1552  3027 I ActivityManager: Killing 241