08-09 14:26:48.299  3738  3738 I AndroidIME: AbstractIme.onActivate():91 LatinIme.onActivate() : EditorInfo = inputType=0x61(PersonName) imeOptions=0x6 privateImeOptions=null actionName=DONE actionLabel=null actionId=0 initialSelStart=0 initialSelEnd=0 initialCapsMode=0x0 hintText=non-empty label=null packageName=com.android.todolist fieldId=2131230821 fieldName=null extras=null, IncognitoMode = false, DeviceLocked = false
08-09 14:26:48.437 18788 21333 W qbj     : Infinite Data has no result for com.android.todolist [CONTEXT service_id=177 ]
08-09 14:26:48.473 18788 21334 W qbj     : Infinite Data has no result for com.android.todolist [CONTEXT service_id=177 ]
08-09 14:26:50.357 21567 21567 D ForceDarkHelper: updateByCheckExcludeList: pkg: com.android.todolist activity: com.android.todolist.MainActivity@1917baa
08-09 14:26:50.364 21567 21567 D ForceDarkHelper: updateByCheckExcludeList: pkg: com.android.todolist activity: com.android.todolist.MainActivity@1917baa
08-09 14:26:50.417  3738  3738 I GoogleInputMethodService: GoogleInputMethodService.onStartInput():1919 onStartInput(EditorInfo{inputType=0x0(NULL) imeOptions=0x0 privateImeOptions=null actionName=UNSPECIFIED actionLabel=null actionId=0 initialSelStart=-1 initialSelEnd=-1 initialCapsMode=0x0 hintText=null label=null packageName=com.android.todolist fieldId=-1 fieldName=null extras=null}, false)
08-09 14:26:52.919  4746 15144 I GST     : forePkg: com.miui.home, preForePkg: com.android.todolist
08-09 14:26:57.642  1552  2687 I ProcessManager: SwipeUpClean: kill com.android.todolist Adj=900 State=19
08-09 14:26:57.643  1552  2687 I ActivityManager: Killing 21567:com.android.todolist/u0a228 (adj 900): SwipeUpClean
08-09 14:29:28.586  2180  2180 D Launcher.CellLayout: touch item:ShortcutInfo, id=84, itemType=0, user=UserHandle{0}, mIconType=0, pkgName=com.android.todolist, className=com.android.todolist.MainActivity, screenId=2, container=-100, cellX=2, cellY=4, spanX=1, spanY=1, isLandscapePos=false
08-09 14:29:28.637  1552  2687 I ActivityTaskManager: START u0 {act=android.intent.action.MAIN cat=[android.intent.category.LAUNCHER] flg=0x10200000 cmp=com.android.todolist/.MainActivity bnds=[387,944][503,1060] (has extras)} from uid 10091
08-09 14:29:28.705   510   510 D OemNetd : setPidForPackage: packageName=com.android.todolist, pid=21873, pid=10228
08-09 14:29:28.706  1552  1642 I ActivityManager: Start proc 21873:com.android.todolist/u0a228 for activity {com.android.todolist/com.android.todolist.MainActivity} caller=com.miui.home
08-09 14:29:28.791  4746 15144 I GST     : forePkg: com.android.todolist, preForePkg: com.miui.home
08-09 14:29:28.932 21873 21895 E Perf    : Fail to get file list com.android.todolist
08-09 14:29:28.932 21873 21895 E Perf    : Fail to get file list com.android.todolist
08-09 14:29:28.998 21873 21873 D ForceDarkHelper: updateByCheckExcludeList: pkg: com.android.todolist activity: com.android.todolist.MainActivity@1917baa
08-09 14:29:29.014 21873 21873 D ForceDarkHelper: updateByCheckExcludeList: pkg: com.android.todolist activity: com.android.todolist.MainActivity@1917baa
08-09 14:29:29.023 21873 21873 D ForceDarkHelper: updateByCheckExcludeList: pkg: com.android.todolist activity: com.android.todolist.MainActivity@1917baa
08-09 14:29:29.095 21873 21873 D ForceDarkHelper: updateByCheckExcludeList: pkg: com.android.todolist activity: com.android.todolist.MainActivity@1917baa
08-09 14:29:29.107 21873 21873 D ForceDarkHelper: updateByCheckExcludeList: pkg: com.android.todolist activity: com.android.todolist.MainActivity@1917baa
08-09 14:29:29.212 21873 21873 W Looper  : Slow Looper main: Activity com.android.todolist/.MainActivity is 370ms late (wall=1ms running=0ms ClientTransaction{ callbacks=[android.app.servertransaction.TopResumedActivityChangeItem] }) because of 2 msg, msg 1 took 110ms (seq=2 late=1ms h=android.app.ActivityThread$H w=110), msg 2 took 280ms (seq=3 late=90ms h=android.app.ActivityThread$H w=159)
08-09 14:29:29.119 21873 21873 D ForceDarkHelper: updateByCheckExcludeList: pkg: com.android.todolist activity: com.android.todolist.MainActivity@1917baa
08-09 14:29:29.275 21873 21873 D ForceDarkHelper: updateByCheckExcludeList: pkg: com.android.todolist activity: com.android.todolist.MainActivity@1917baa
08-09 14:29:29.281 21873 21873 D ForceDarkHelper: updateByCheckExcludeList: pkg: com.android.todolist activity: com.android.todolist.MainActivity@1917baa
08-09 14:29:29.341 21873 21873 D ForceDarkHelper: updateByCheckExcludeList: pkg: com.android.todolist activity: com.android.todolist.MainActivity@1917baa
08-09 14:29:29.378  1552  1628 I Timeline: Timeline: Activity_windows_visible id: ActivityRecord{f394325 u0 com.android.todolist/.MainActivity t1364} time:151490117
08-09 14:29:29.425  3738  3738 I GoogleInputMethodService: GoogleInputMethodService.onStartInput():1919 onStartInput(EditorInfo{inputType=0x0(NULL) imeOptions=0x0 privateImeOptions=null actionName=UNSPECIFIED actionLabel=null actionId=0 initialSelStart=-1 initialSelEnd=-1 initialCapsMode=0x0 hintText=null label=null packageName=com.android.todolist fieldId=-1 fieldName=null extras=null}, false)
08-09 14:29:30.294 21873 21873 D ForceDarkHelper: updateByCheckExcludeList: pkg: com.android.todolist activity: com.android.todolist.MainActivity@1917baa
08-09 14:29:30.295 21873 21873 D ForceDarkHelper: updateByCheckExcludeList: pkg: com.android.todolist activity: com.android.todolist.MainActivity@1917baa
08-09 14:29:30.537  3738  3738 I GoogleInputMethodService: GoogleInputMethodService.onStartInput():1919 onStartInput(EditorInfo{inputType=0x0(NULL) imeOptions=0x0 privateImeOptions=null actionName=UNSPECIFIED actionLabel=null actionId=0 initialSelStart=-1 initialSelEnd=-1 initialCapsMode=0x0 hintText=null label=null packageName=com.android.todolist fieldId=-1 fieldName=null extras=null}, false)
08-09 14:29:31.610  3738  3738 I GoogleInputMethodService: GoogleInputMethodService.onStartInput():1919 onStartInput(EditorInfo{inputType=0x61(PersonName) imeOptions=0x6 privateImeOptions=null actionName=DONE actionLabel=null actionId=0 initialSelStart=0 initialSelEnd=0 initialCapsMode=0x0 hintText=non-empty label=null packageName=com.android.todolist fieldId=2131230821 fieldName=null extras=null}, false)
08-09 14:29:31.614  3738  3738 I GoogleInputMethodService: GoogleInputMethodService.onStartInputView():2023 onStartInputView(EditorInfo{inputType=0x61(PersonName) imeOptions=0x6 privateImeOptions=null actionName=DONE actionLabel=null actionId=0 initialSelStart=0 initialSelEnd=0 initialCapsMode=0x0 hintText=non-empty label=null packageName=com.android.todolist fieldId=2131230821 fieldName=null extras=null}, false)
08-09 14:29:31.615 21873 21873 D ForceDarkHelper: updateByCheckExcludeList: pkg: com.android.todolist activity: com.android.todolist.MainActivity@1917baa
08-09 14:29:31.660  3738  3738 I AndroidIME: AbstractIme.onActivate():91 LatinIme.onActivate() : EditorInfo = inputType=0x61(PersonName) imeOptions=0x6 privateImeOptions=null actionName=DONE actionLabel=null actionId=0 initialSelStart=0 initialSelEnd=0 initialCapsMode=0x0 hintText=non-empty label=null packageName=com.android.todolist fieldId=2131230821 fieldName=null extras=null, IncognitoMode = false, DeviceLocked = false
08-09 14:29:31.665 18788 19046 W qbj     : Infinite Data has no result for com.android.todolist [CONTEXT service_id=177 ]
08-09 14:29:31.686 18788 21334 W qbj     : Infinite Data has no result for com.android.todolist [CONTEXT service_id=177 ]
08-09 14:29:34.691 21873 21873 D ForceDarkHelper: updateByCheckExcludeList: pkg: com.android.todolist activity: com.android.todolist.MainActivity@1917baa
08-09 14:29:34.694 21873 21873 D ForceDarkHelper: updateByCheckExcludeList: pkg: com.android.todolist activity: com.android.todolist.MainActivity@1917baa
08-09 14:29:34.700 21873 21873 D ForceDarkHelper: updateByCheckExcludeList: pkg: com.android.todolist activity: com.android.todolist.MainActivity@1917baa
08-09 14:29:34.761  3738  3738 I GoogleInputMethodService: GoogleInputMethodService.onStartInput():1919 onStartInput(EditorInfo{inputType=0x0(NULL) imeOptions=0x0 privateImeOptions=null actionName=UNSPECIFIED actionLabel=null actionId=0 initialSelStart=-1 initialSelEnd=-1 initialCapsMode=0x0 hintText=null label=null packageName=com.android.todolist fieldId=-1 fieldName=null extras=null}, false)
08-09 14:29:35.555 21873 21896 W RenderInspector: DequeueBuffer time out on com.android.todolist/com.android.todolist.MainActivity, count=1, avg=17 ms, max=17 ms.
08-09 14:29:39.195  4746 15144 I GST     : forePkg: com.miui.home, preForePkg: com.android.todolist
08-09 14:29:41.275  1552  2306 I ProcessManager: SwipeUpClean: kill com.android.todolist Adj=900 State=19
08-09 14:29:41.276  1552  2306 I ActivityManager: Killing 21873:com.android.todolist/u0a228 (adj 900): SwipeUpClean
08-09 14:33:55.037  2180  2180 D Launcher.CellLayout: touch item:ShortcutInfo, id=84, itemType=0, user=UserHandle{0}, mIconType=0, pkgName=com.android.todolist, className=com.android.todolist.MainActivity, screenId=2, container=-100, cellX=2, cellY=4, spanX=1, spanY=1, isLandscapePos=false
08-09 14:33:55.340  2180  2180 D Launcher.CellLayout: updateCellOccupiedMarks, remove, ShortcutInfo, id=84, itemType=0, user=UserHandle{0}, mIconType=0, pkgName=com.android.todolist, className=com.android.todolist.MainActivity, screenId=2, container=-100, cellX=2, cellY=4, spanX=1, spanY=1, isLandscapePos=false
08-09 14:33:55.341  2180  2180 D Launcher_DragView: new DragView:ShortcutInfo, id=84, itemType=0, user=UserHandle{0}, mIconType=0, pkgName=com.android.todolist, className=com.android.todolist.MainActivity
08-09 14:33:55.397  2180  2180 D Launcher.CellLayout: updateCellOccupiedMarks, remove, ShortcutInfo, id=84, itemType=0, user=UserHandle{0}, mIconType=0, pkgName=com.android.todolist, className=com.android.todolist.MainActivity, screenId=2, container=-100, cellX=2, cellY=4, spanX=1, spanY=1, isLandscapePos=false
08-09 14:33:55.827  2180  2180 D Launcher.DragController: drop, from=ShortcutInfo, id=84, itemType=0, user=UserHandle{0}, mIconType=0, pkgName=com.android.todolist, className=com.android.todolist.MainActivity, screenId=2, container=-100, cellX=2, cellY=4, spanX=1, spanY=1, isLandscapePos=false
08-09 14:33:55.828  2180  2180 D Launcher.CellLayout: updateCellOccupiedMarks, update, ShortcutInfo, id=84, itemType=0, user=UserHandle{0}, mIconType=0, pkgName=com.android.todolist, className=com.android.todolist.MainActivity, screenId=2, container=-100, cellX=2, cellY=4, spanX=1, spanY=1, isLandscapePos=false
08-09 14:33:55.830  2180  2180 D Launcher.DragController: drop succeed, to ShortcutInfo, id=84, itemType=0, user=UserHandle{0}, mIconType=0, pkgName=com.android.todolist, className=com.android.todolist.MainActivity, screenId=2, container=-100, cellX=2, cellY=4, spanX=1, spanY=1, isLandscapePos=false
08-09 14:33:55.842  2180  2180 D Launcher.CellLayout: saveCurrentLayout, info=ShortcutInfo, id=84, itemType=0, user=UserHandle{0}, mIconType=0, pkgName=com.android.todolist, className=com.android.todolist.MainActivity, screenId=2, container=-100, cellX=2, cellY=4, spanX=1, spanY=1, isLandscapePos=false
08-09 14:33:55.843  2180  2180 D Launcher.ShortcutMenu: show shortcut menu when drop, pkgName=com.android.todolist
08-09 14:33:56.774  2180  2180 W System.err: android.content.pm.PackageManager$NameNotFoundException: com.android.todolist
08-09 14:33:58.718  2180  2377 W System.err: android.content.pm.PackageManager$NameNotFoundException: com.android.todolist
08-09 14:33:58.731  2180  2317 D Launcher.Model: Got broadcast:Intent { act=android.intent.action.PACKAGE_REMOVED dat=package:com.android.todolist (has extras) }
08-09 14:33:58.733  1552  1641 I ActivityManager: Force stopping com.android.todolist appid=10228 user=0: deletePackageX
08-09 14:33:58.782  1552  1641 I AutoStartManagerService: MIUILOG- Reject RestartService packageName :com.android.todolist uid : 10228
08-09 14:33:58.782  2180  2317 D Launcher.LauncherUtils: app(com.android.todolist|UserHandle{0}) isDisable=false, backupProcessingPkg=null
08-09 14:33:58.783  2180  2317 D Launcher.LauncherUtils: android.content.pm.PackageManager$NameNotFoundException: com.android.todolist
08-09 14:33:58.800  2180  2317 D AutoInstallsParser: isPAIPackageName: com.android.todolist
08-09 14:33:58.828  2180  2317 D Launcher.Model: onReceiveBackground, mAllAppsList=add=[], remove=[(0, AppInfo, id=-1, itemType=0, user=UserHandle{0}, mIconType=0, pkgName=com.android.todolist, className=com.android.todolist.MainActivity, screenId=-1, container=-1, cellX=-1, cellY=-1, spanX=1, spanY=1, isLandscapePos=false)], modified=[]
08-09 14:33:58.830  2180  2180 D Launcher: remove icon when bind apps removed:ShortcutInfo, id=84, itemType=0, user=UserHandle{0}, mIconType=0, pkgName=com.android.todolist, className=com.android.todolist.MainActivity, screenId=2, container=-100, cellX=2, cellY=4, spanX=1, spanY=1, isLandscapePos=false
08-09 14:33:58.830  2180  2180 D Launcher: removeShortcutIcon, remove icon from CellLayout, info=ShortcutInfo, id=84, itemType=0, user=UserHandle{0}, mIconType=0, pkgName=com.android.todolist, className=com.android.todolist.MainActivity, screenId=2, container=-100, cellX=2, cellY=4, spanX=1, spanY=1, isLandscapePos=false
08-09 14:33:58.831  2180  2180 D Launcher.CellLayout: remove icon for ShortcutInfo, id=84, itemType=0, user=UserHandle{0}, mIconType=0, pkgName=com.android.todolist, className=com.android.todolist.MainActivity, screenId=2, container=-100, cellX=2, cellY=4, spanX=1, spanY=1, isLandscapePos=false
08-09 14:33:58.831  2180  2180 D Launcher.CellLayout: updateCellOccupiedMarks, remove, ShortcutInfo, id=84, itemType=0, user=UserHandle{0}, mIconType=0, pkgName=com.android.todolist, className=com.android.todolist.MainActivity, screenId=2, container=-100, cellX=2, cellY=4, spanX=1, spanY=1, isLandscapePos=false
08-09 14:33:58.832  2180  2180 D Launcher: removeShortcutIcon, info=(ShortcutInfo, id=84, itemType=0, user=UserHandle{0}, mIconType=0, pkgName=com.android.todolist, className=com.android.todolist.MainActivity, screenId=2, container=-100, cellX=2, cellY=4, spanX=1, spanY=1, isLandscapePos=false), addedLater=false, removeFromDB=true
08-09 14:33:58.833  2180  2180 D Launcher.Model: deleteItemFromDatabase, item=ShortcutInfo, id=84, itemType=0, user=UserHandle{0}, mIconType=0, pkgName=com.android.todolist, className=com.android.todolist.MainActivity, screenId=2, container=-100, cellX=2, cellY=4, spanX=1, spanY=1, isLandscapePos=false
08-09 14:33:59.773  1552  1678 I ActivityManager: Force stopping com.android.todolist appid=10228 user=0: pkg removed
08-09 14:33:59.773  1552  1678 I AutoStartManagerService: MIUILOG- Reject RestartService packageName :com.android.todolist uid : 10228
08-09 14:33:59.810  2180  2294 E InstallApkReceiver: uninstall:package:com.android.todolist
08-09 14:33:59.818  1552  1641 W BroadcastQueue: Background execution not allowed: receiving Intent { act=android.intent.action.PACKAGE_REMOVED dat=package:com.android.todolist flg=0x4000010 (has extras) } to com.lbe.security.miui/com.lbe.security.service.BootReceiver
08-09 14:33:59.818  1552  1641 W BroadcastQueue: Background execution not allowed: receiving Intent { act=android.intent.action.PACKAGE_REMOVED dat=package:com.android.todolist flg=0x4000010 (has extras) } to com.android.settings/.search.provider.UpdateReceiver
08-09 14:33:59.828  1552  1641 W BroadcastQueue: Background execution not allowed: receiving Intent { act=android.intent.action.PACKAGE_REMOVED dat=package:com.android.todolist flg=0x4000010 (has extras) } to com.android.vending/com.google.android.finsky.packagemanager.impl.PackageMonitorReceiverImpl$RegisteredReceiver
08-09 14:33:59.828  1552  1641 W BroadcastQueue: Background execution not allowed: receiving Intent { act=android.intent.action.PACKAGE_REMOVED dat=package:com.android.todolist flg=0x4000010 (has extras) } to com.android.vending/com.google.android.finsky.instantapps.appmanagement.InstantAppRemoveMonitor
08-09 14:33:59.842  1552  1641 W BroadcastQueue: Background execution not allowed: receiving Intent { act=android.intent.action.PACKAGE_REMOVED dat=package:com.android.todolist flg=0x4000010 (has extras) } to com.google.android.apps.maps/com.google.android.libraries.social.peoplekit.thirdparty.viewcontrollers.ThirdPartyReceiver
08-09 14:33:59.842  1552  1641 W BroadcastQueue: Background execution not allowed: receiving Intent { act=android.intent.action.PACKAGE_REMOVED dat=package:com.android.todolist flg=0x4000010 (has extras) } to com.google.android.gms/.games.chimera.GamesSystemBroadcastReceiverProxy
08-09 14:33:59.846  1552  1641 W BroadcastQueue: Background execution not allowed: receiving Intent { act=android.intent.action.PACKAGE_REMOVED dat=package:com.android.todolist flg=0x4000010 (has extras) } to com.google.android.gms/.chimera.GmsIntentOperationService$PersistentTrustedReceiver
08-09 14:33:59.846  1552  1641 W BroadcastQueue: Background execution not allowed: receiving Intent { act=android.intent.action.PACKAGE_REMOVED dat=package:com.android.todolist flg=0x4000010 (has extras) } to com.google.android.googlequicksearchbox/com.google.android.apps.gsa.googlequicksearchbox.GelStubAppWatcher
08-09 14:33:59.846  1552  1641 W BroadcastQueue: Background execution not allowed: receiving Intent { act=android.intent.action.PACKAGE_REMOVED dat=package:com.android.todolist flg=0x4000010 (has extras) } to com.miui.audioeffect/com.android.musicfx.Compatibility$Receiver
08-09 14:33:59.846  1552  1641 W BroadcastQueue: Background execution not allowed: receiving Intent { act=android.intent.action.PACKAGE_REMOVED dat=package:com.android.todolist flg=0x4000010 (has extras) } to com.xiaomi.discover/com.xiaomi.market.data.MyPackageMonitor
08-09 14:33:59.846  1552  1641 W BroadcastQueue: Background execution not allowed: receiving Intent { act=android.intent.action.PACKAGE_REMOVED dat=package:com.android.todolist flg=0x4000010 (has extras) } to com.xiaomi.misettings/.usagestats.AppTimerReceiver
08-09 14:34:00.098 16822 22226 I BlockstoreStorage: Setting IsLastInstallationDataPerPackage bit to true for package com.android.todolist [CONTEXT service_id=258 ]
08-09 14:34:00.245 16822 17320 E WorkSourceUtil: Could not find package: com.android.todolist
08-09 14:34:00.258 16822 18425 I Icing   : doRemovePackageData com.android.todolist
08-09 14:34:01.533 22234 22365 I ResidentChecker: check: StartScan pkg=com.android.todolist
08-09 14:34:02.674  1552  1552 I ConditionProviders: Disallowing condition provider com.android.todolist
08-09 14:34:02.674  1552  1641 W XSpaceManagerService: update XSpace App: packageName:com.android.todolist, user:UserHandle{0}, action:android.intent.action.PACKAGE_REMOVED
08-09 14:34:02.791  2180  2180 D Launcher.Model: LauncherAppsCallback onPackageRemoved|com.android.todolist|UserHandle{0}
08-09 14:34:02.791  2180  2317 D Launcher.Model: Got broadcast:Intent { act=android.intent.action.PACKAGE_REMOVED dat=package:com.android.todolist (has extras) }
08-09 14:34:02.806  2180  2317 D AutoInstallsParser: isPAIPackageName: com.android.todolist
08-09 14:34:04.484 22425 22425 I Finsky  : [2] pmy.n(8): Invalidating cached PackageState for com.android.todolist
08-09 14:34:04.490 22425 22425 I Finsky  : [2] pmy.s(3): Package no longer installed: com.android.todolist
08-09 14:34:04.506 22425 22425 I Finsky  : [2] fip.a(1): AIM: AppInfoCacheUpdater -> invalidating apps: [com.android.todolist]
08-09 14:34:04.531 22425 22476 I Finsky  : [37630] fkn.a(5): AIM: AppInfoManager-Perf > OnDeviceAppInfo > cacheHitCount=0, cacheMissCount=1. Missed  in cache (limit 10) : [com.android.todolist]
08-09 14:34:04.594 22425 22425 I Finsky  : [2] pmy.s(3): Package no longer installed: com.android.todolist
08-09 14:34:04.648 22425 22539 I Finsky  : [37664] fau.a(19): Asset module storage cleared for package com.android.todolist.
08-09 14:34:04.688 22425 22425 W Finsky  : [2] tfc.b(7): STU: Failed to get storage stats for package 'com.android.todolist' (1601: Error getting stats: android.content.pm.PackageManager.NameNotFoundException)
08-09 14:34:05.652 22548 22609 W System.err: android.content.pm.PackageManager$NameNotFoundException: com.android.todolist
08-09 14:35:10.011 22794 22794 I Finsky  : [2] yrt.c(7): VerifyApps:, Install-time verification requested for package com.android.todolist, id = 30
08-09 14:35:11.171 22794 23454 I Finsky  : [37739] yuf.c(3): VerifyApps: Verification package=com.android.todolist, id=30 response=0
08-09 14:35:11.692  1552  1678 I InstallationStatistic: com.android.todolist|null|11006|261|41|8330|1344|0
08-09 14:35:11.751  1552  1956 I MiuiCompatModePackages: package com.android.todolist updated, removing config
08-09 14:35:11.759  2180  2294 E InstallApkReceiver: install:package:com.android.todolist
08-09 14:35:11.763  1552  1641 W BroadcastQueue: Background execution not allowed: receiving Intent { act=android.intent.action.PACKAGE_ADDED dat=package:com.android.todolist flg=0x4000010 (has extras) } to com.lbe.security.miui/com.lbe.security.service.BootReceiver
08-09 14:35:11.763  1552  1641 W BroadcastQueue: Background execution not allowed: receiving Intent { act=android.intent.action.PACKAGE_ADDED dat=package:com.android.todolist flg=0x4000010 (has extras) } to com.google.android.packageinstaller/com.android.packageinstaller.PackageInstalledReceiver
08-09 14:35:11.784  1552  1641 W BroadcastQueue: Background execution not allowed: receiving Intent { act=android.intent.action.PACKAGE_ADDED dat=package:com.android.todolist flg=0x4000010 (has extras) } to com.android.settings/.search.provider.UpdateReceiver
08-09 14:35:11.797  1552  1641 W BroadcastQueue: Background execution not allowed: receiving Intent { act=android.intent.action.PACKAGE_ADDED dat=package:com.android.todolist flg=0x4000010 (has extras) } to com.android.vending/com.google.android.finsky.packagemanager.impl.PackageMonitorReceiverImpl$RegisteredReceiver
08-09 14:35:11.804  1552  1641 W BroadcastQueue: Background execution not allowed: receiving Intent { act=android.intent.action.PACKAGE_ADDED dat=package:com.android.todolist flg=0x4000010 (has extras) } to com.facebook.appmanager/com.facebook.oxygen.common.packages.event.manifest.ManifestPackageEventReceiver
08-09 14:35:11.807  1552  1641 W BroadcastQueue: Background execution not allowed: receiving Intent { act=android.intent.action.PACKAGE_ADDED dat=package:com.android.todolist flg=0x4000010 (has extras) } to com.google.android.gms/.games.chimera.GamesSystemBroadcastReceiverProxy
08-09 14:35:11.807  1552  1641 W BroadcastQueue: Background execution not allowed: receiving Intent { act=android.intent.action.PACKAGE_ADDED dat=package:com.android.todolist flg=0x4000010 (has extras) } to com.google.android.gms/.gass.chimera.PackageChangeBroadcastReceiver
08-09 14:35:11.809  1552  1641 W BroadcastQueue: Background execution not allowed: receiving Intent { act=android.intent.action.PACKAGE_ADDED dat=package:com.android.todolist flg=0x4000010 (has extras) } to com.google.android.gms/.chimera.GmsIntentOperationService$PersistentTrustedReceiver
08-09 14:35:11.811  1552  1641 W BroadcastQueue: Background execution not allowed: receiving Intent { act=android.intent.action.PACKAGE_ADDED dat=package:com.android.todolist flg=0x4000010 (has extras) } to com.google.android.googlequicksearchbox/com.google.android.apps.gsa.googlequicksearchbox.GelStubAppWatcher
08-09 14:35:11.812  1552  1641 W BroadcastQueue: Background execution not allowed: receiving Intent { act=android.intent.action.PACKAGE_ADDED dat=package:com.android.todolist flg=0x4000010 (has extras) } to com.miui.audioeffect/com.android.musicfx.Compatibility$Receiver
08-09 14:35:11.812  1552  1641 W BroadcastQueue: Background execution not allowed: receiving Intent { act=android.intent.action.PACKAGE_ADDED dat=package:com.android.todolist flg=0x4000010 (has extras) } to com.miui.global.packageinstaller/.AppInstalledReceiver
08-09 14:35:11.812  1552  1641 W BroadcastQueue: Background execution not allowed: receiving Intent { act=android.intent.action.PACKAGE_ADDED dat=package:com.android.todolist flg=0x4000010 (has extras) } to com.xiaomi.discover/com.xiaomi.market.data.MyPackageMonitor
08-09 14:35:11.812  1552  1641 W BroadcastQueue: Background execution not allowed: receiving Intent { act=android.intent.action.PACKAGE_ADDED dat=package:com.android.todolist flg=0x4000010 (has extras) } to com.xiaomi.misettings/.usagestats.AppTimerReceiver
08-09 14:35:11.851  2937  2937 D ImsResolver: maybeAddedImsService, packageName: com.android.todolist
08-09 14:35:11.915 23161 23161 I SystemUpdate-LocalAppManager: add package to list: com.android.todolist
08-09 14:35:11.918 32658 32658 I WakePathManager: PackageMonitor. onPackageAdded: packageName =com.android.todolist
08-09 14:35:11.960 18788 23396 I FontLog : Package com.android.todolist has no metadata [CONTEXT service_id=132 ]
08-09 14:35:11.999 18788 23435 W GCM     : Unexpected forwarded intent: Intent { act=android.intent.action.PACKAGE_ADDED dat=package:com.android.todolist flg=0x4000010 pkg=com.google.android.gms cmp=com.google.android.gms/.chimera.PersistentIntentOperationService (has extras) }
08-09 14:35:12.009 18788 23484 W GCM     : Unexpected forwarded intent: Intent { act=android.intent.action.PACKAGE_ADDED dat=package:com.android.todolist flg=0x4000010 pkg=com.google.android.gms cmp=com.google.android.gms/.chimera.PersistentIntentOperationService (has extras) }
08-09 14:35:12.260 32658 23490 I WakePathManager: request: ["cn.wps.xiaomi.abroad.lite","com.miui.fm","org.telegram.messenger","com.android.todolist","com.gamma.scan","free.vpn.unblock.proxy.vpnmaster","ua.privatbank.ap24","com.miui.android.fashiongallery","com.google.android.apps.docs","com.netflix.mediaclient","com.google.android.calendar","com.ftband.mono","com.perm.kate_new_6","com.google.android.apps.translate","ua.novaposhtaa"]
08-09 14:35:12.356  1552  1641 W XSpaceManagerService: update XSpace App: packageName:com.android.todolist, user:UserHandle{0}, action:android.intent.action.PACKAGE_ADDED
08-09 14:35:12.364  2180  2180 D Launcher.Model: LauncherAppsCallback onPackageAdded|com.android.todolist|UserHandle{0}
08-09 14:35:12.372  2180  2317 D Launcher.Model: Got broadcast:Intent { act=android.intent.action.PACKAGE_ADDED dat=package:com.android.todolist (has extras) }
08-09 14:35:12.448 22794 22794 I Finsky  : [2] pmy.n(8): Invalidating cached PackageState for com.android.todolist
08-09 14:35:12.509 22794 22794 I Finsky  : [2] fip.a(1): AIM: AppInfoCacheUpdater -> invalidating apps: [com.android.todolist]
08-09 14:35:12.652 22794 22874 I Finsky  : [37667] fkn.a(5): AIM: AppInfoManager-Perf > OnDeviceAppInfo > cacheHitCount=0, cacheMissCount=1. Missed  in cache (limit 10) : [com.android.todolist]
08-09 14:35:12.767  2180  2317 E Launcher.AllAppsList: Can't load postion for packageName: com.android.todolist activityName: com.android.todolist.MainActivity
08-09 14:35:12.795 22794 23550 I Finsky  : [37747] fau.a(19): Asset module storage cleared for package com.android.todolist.
08-09 14:35:12.796  2180  2317 D AutoInstallsParser: isPAIPackageName: com.android.todolist
08-09 14:35:12.808  2180  2317 D Launcher.Model: onReceiveBackground, mAllAppsList=add=[(0, AppInfo, id=-1, itemType=0, user=UserHandle{0}, mIconType=0, pkgName=com.android.todolist, className=com.android.todolist.MainActivity, screenId=-1, container=-1, cellX=-1, cellY=-1, spanX=1, spanY=1, isLandscapePos=false)], remove=[], modified=[]
08-09 14:35:12.811  2180  2180 D Launcher: add item to launcher when bind apps added, info=ShortcutInfo, id=-1, itemType=0, user=UserHandle{0}, mIconType=0, pkgName=com.android.todolist, className=com.android.todolist.MainActivity, screenId=-1, container=-1, cellX=-1, cellY=-1, spanX=1, spanY=1, isLandscapePos=false
08-09 14:35:12.812  2180  2180 D Launcher: addItemToWorkspace, add item into db, item=ShortcutInfo, id=-1, itemType=0, user=UserHandle{0}, mIconType=0, pkgName=com.android.todolist, className=com.android.todolist.MainActivity, screenId=2, container=-100, cellX=2, cellY=4, spanX=1, spanY=1, isLandscapePos=false
08-09 14:35:12.812  2180  2180 D Launcher.Model: Insert item com.android.todolist to database (2, 4) of screen 2
08-09 14:35:12.813  2180  2317 D Launcher.ShortcutInfo: onAddToDatabase, this=ShortcutInfo, id=85, itemType=0, user=UserHandle{0}, mIconType=0, pkgName=com.android.todolist, className=com.android.todolist.MainActivity, screenId=2, container=-100, cellX=2, cellY=4, spanX=1, spanY=1, isLandscapePos=false
08-09 14:35:12.813  2180  2180 D Launcher.CellLayout: updateCellOccupiedMarks, update, ShortcutInfo, id=85, itemType=0, user=UserHandle{0}, mIconType=0, pkgName=com.android.todolist, className=com.android.todolist.MainActivity, screenId=2, container=-100, cellX=2, cellY=4, spanX=1, spanY=1, isLandscapePos=false
08-09 14:35:12.815 22794 22877 I Finsky  : [37668] fkn.a(5): AIM: AppInfoManager-Perf > OnDeviceAppInfo > cacheHitCount=0, cacheMissCount=1. Missed  in cache (limit 10) : [com.android.todolist]
08-09 14:35:12.911  2180  2180 D Launcher.CellLayout: updateCellOccupiedMarks, update, ShortcutInfo, id=85, itemType=0, user=UserHandle{0}, mIconType=0, pkgName=com.android.todolist, className=com.android.todolist.MainActivity, screenId=2, container=-100, cellX=2, cellY=4, spanX=1, spanY=1, isLandscapePos=false
08-09 14:35:13.491 23497 23497 I FindDeviceGNReceiver: isReplace: false, packageName: package:com.android.todolist. 
08-09 14:35:13.637 22794 22794 I Finsky  : [2] VerifyInstallTask.acB(7): VerifyApps: Verification complete: id=30, package_name=com.android.todolist
08-09 14:35:25.943 16822 22495 I ApkUploadChimeraService: Adding apk for upload: com.android.todolist:1 [CONTEXT service_id=247 ]
08-09 14:36:26.084 16822 23831 I ApkUploadChimeraService: Starting upload for package com.android.todolist [CONTEXT service_id=247 ]
08-09 14:36:37.848 16822 23831 I ApkUploadChimeraService: Upload for package com.android.todolist was successful, removing from upload queue [CONTEXT service_id=247 ]
08-09 14:39:33.823  2180  2180 D Launcher.CellLayout: touch item:ShortcutInfo, id=85, itemType=0, user=UserHandle{0}, mIconType=0, pkgName=com.android.todolist, className=com.android.todolist.MainActivity, screenId=2, container=-100, cellX=2, cellY=4, spanX=1, spanY=1, isLandscapePos=false
08-09 14:39:33.881  1552  8469 I ActivityTaskManager: START u0 {act=android.intent.action.MAIN cat=[android.intent.category.LAUNCHER] flg=0x10200000 cmp=com.android.todolist/.MainActivity bnds=[387,944][503,1060] (has extras)} from uid 10091
08-09 14:39:33.922  2180  2180 D Launcher.ShortcutInfo: onAddToDatabase, this=ShortcutInfo, id=85, itemType=0, user=UserHandle{0}, mIconType=0, pkgName=com.android.todolist, className=com.android.todolist.MainActivity, screenId=2, container=-100, cellX=2, cellY=4, spanX=1, spanY=1, isLandscapePos=false
08-09 14:39:33.922  2180  2180 D Launcher.Model: updateItemInDatabase, item=ShortcutInfo, id=85, itemType=0, user=UserHandle{0}, mIconType=0, pkgName=com.android.todolist, className=com.android.todolist.MainActivity, screenId=2, container=-100, cellX=2, cellY=4, spanX=1, spanY=1, isLandscapePos=false
08-09 14:39:34.010   510   510 D OemNetd : setPidForPackage: packageName=com.android.todolist, pid=24174, pid=10229
08-09 14:39:34.010  1552  1642 I ActivityManager: Start proc 24174:com.android.todolist/u0a229 for activity {com.android.todolist/com.android.todolist.MainActivity} caller=com.miui.home
08-09 14:39:34.023 23971 28032 D AppStatChecker: first launch package: com.android.todolist
08-09 14:39:34.305  4739  4890 D PerfEngineController: ForegroundInfo{mForegroundPackageName='com.android.todolist', mForegroundUid=10229, mForegroundPid=24174, mLastForegroundPackageName='com.miui.home', mLastForegroundUid=10091, mLastForegroundPid=2180, mMultiWindowForegroundPackageName='null', mMultiWindowForegroundUid=-1, mFlags=1}
08-09 14:39:34.306  4746 15144 I GST     : forePkg: com.android.todolist, preForePkg: com.miui.home
08-09 14:39:34.500 24185 24185 D AppActiveReceiver: receive app active broadcast for: com.android.todolist, install from: null
08-09 14:39:34.824 24174 24240 E Perf    : Fail to get file list com.android.todolist
08-09 14:39:34.827 24174 24240 E Perf    : Fail to get file list com.android.todolist
08-09 14:39:34.984 24174 24174 D ForceDarkHelper: updateByCheckExcludeList: pkg: com.android.todolist activity: com.android.todolist.MainActivity@1917baa
08-09 14:39:34.999 24174 24174 I chatty  : uid=10229(com.android.todolist) identical 20 lines
08-09 14:39:35.002 24174 24174 D ForceDarkHelper: updateByCheckExcludeList: pkg: com.android.todolist activity: com.android.todolist.MainActivity@1917baa
08-09 14:39:35.026 24174 24174 D ForceDarkHelper: updateByCheckExcludeList: pkg: com.android.todolist activity: com.android.todolist.MainActivity@1917baa
08-09 14:39:35.227 24174 24174 D ForceDarkHelper: updateByCheckExcludeList: pkg: com.android.todolist activity: com.android.todolist.MainActivity@1917baa
08-09 14:39:35.242 24174 24174 D ForceDarkHelper: updateByCheckExcludeList: pkg: com.android.todolist activity: com.android.todolist.MainActivity@1917baa
08-09 14:39:35.289 24174 24174 D ForceDarkHelper: updateByCheckExcludeList: pkg: com.android.todolist activity: com.android.todolist.MainActivity@1917baa
08-09 14:39:35.464 24174 24174 W Looper  : Slow Looper main: Activity com.android.todolist/.MainActivity is 415ms late (wall=664ms running=0ms ClientTransaction{ callbacks=[android.app.servertransaction.LaunchActivityItem] lifecycleRequest=android.app.servertransaction.ResumeActivityItem }) because of 1 msg, msg 1 took 462ms (seq=2 late=2ms h=android.app.ActivityThread$H w=110)
08-09 14:39:35.466 24174 24174 W Looper  : Slow Looper main: Activity com.android.todolist/.MainActivity is 1080ms late (wall=1ms running=0ms ClientTransaction{ callbacks=[android.app.servertransaction.TopResumedActivityChangeItem] }) because of 2 msg, msg 1 took 462ms (seq=2 late=2ms h=android.app.ActivityThread$H w=110), msg 2 took 664ms (seq=3 late=415ms h=android.app.ActivityThread$H w=159)
08-09 14:39:35.577 24174 24174 D ForceDarkHelper: updateByCheckExcludeList: pkg: com.android.todolist activity: com.android.todolist.MainActivity@1917baa
08-09 14:39:35.588 24174 24174 D ForceDarkHelper: updateByCheckExcludeList: pkg: com.android.todolist activity: com.android.todolist.MainActivity@1917baa
08-09 14:39:35.601 24174 24174 D ForceDarkHelper: updateByCheckExcludeList: pkg: com.android.todolist activity: com.android.todolist.MainActivity@1917baa
08-09 14:39:35.631 24174 24174 D ForceDarkHelper: updateByCheckExcludeList: pkg: com.android.todolist activity: com.android.todolist.MainActivity@1917baa
08-09 14:39:35.641 24174 24174 D ForceDarkHelper: updateByCheckExcludeList: pkg: com.android.todolist activity: com.android.todolist.MainActivity@1917baa
08-09 14:39:35.643 24174 24174 D ForceDarkHelper: updateByCheckExcludeList: pkg: com.android.todolist activity: com.android.todolist.MainActivity@1917baa
08-09 14:39:35.646 24174 24174 D ForceDarkHelper: updateByCheckExcludeList: pkg: com.android.todolist activity: com.android.todolist.MainActivity@1917baa
08-09 14:39:35.654 24174 24174 D ForceDarkHelper: updateByCheckExcludeList: pkg: com.android.todolist activity: com.android.todolist.MainActivity@1917baa
08-09 14:39:35.841  1552  1628 I Timeline: Timeline: Activity_windows_visible id: ActivityRecord{b209087 u0 com.android.todolist/.MainActivity t1367} time:152096580
08-09 14:39:35.897  3738  3738 I GoogleInputMethodService: GoogleInputMethodService.onStartInput():1919 onStartInput(EditorInfo{inputType=0x0(NULL) imeOptions=0x0 privateImeOptions=null actionName=UNSPECIFIED actionLabel=null actionId=0 initialSelStart=-1 initialSelEnd=-1 initialCapsMode=0x0 hintText=null label=null packageName=com.android.todolist fieldId=-1 fieldName=null extras=null}, false)
08-09 14:39:56.550 24174 24174 D ForceDarkHelper: updateByCheckExcludeList: pkg: com.android.todolist activity: com.android.todolist.MainActivity@3c9043a
08-09 14:39:56.587 24174 24174 I chatty  : uid=10229(com.android.todolist) identical 13 lines
08-09 14:39:56.589 24174 24174 D ForceDarkHelper: updateByCheckExcludeList: pkg: com.android.todolist activity: com.android.todolist.MainActivity@3c9043a
08-09 14:39:56.597 24174 24174 D ForceDarkHelper: updateByCheckExcludeList: pkg: com.android.todolist activity: com.android.todolist.MainActivity@3c9043a
08-09 14:39:56.618 24174 24174 D ForceDarkHelper: updateByCheckExcludeList: pkg: com.android.todolist activity: com.android.todolist.MainActivity@3c9043a
08-09 14:39:56.650 24174 24174 D ForceDarkHelper: updateByCheckExcludeList: pkg: com.android.todolist activity: com.android.todolist.MainActivity@3c9043a
08-09 14:39:56.840 24174 24174 D ForceDarkHelper: updateByCheckExcludeList: pkg: com.android.todolist activity: com.android.todolist.MainActivity@3c9043a
08-09 14:39:56.846 24174 24174 D ForceDarkHelper: updateByCheckExcludeList: pkg: com.android.todolist activity: com.android.todolist.MainActivity@3c9043a
08-09 14:39:56.853 24174 24174 D ForceDarkHelper: updateByCheckExcludeList: pkg: com.android.todolist activity: com.android.todolist.MainActivity@3c9043a
08-09 14:39:56.866 24174 24174 D ForceDarkHelper: updateByCheckExcludeList: pkg: com.android.todolist activity: com.android.todolist.MainActivity@3c9043a
08-09 14:39:56.867 24174 24174 D ForceDarkHelper: updateByCheckExcludeList: pkg: com.android.todolist activity: com.android.todolist.MainActivity@3c9043a
08-09 14:39:56.872 24174 24174 D ForceDarkHelper: updateByCheckExcludeList: pkg: com.android.todolist activity: com.android.todolist.MainActivity@3c9043a
08-09 14:39:56.887 24174 24174 D ForceDarkHelper: updateByCheckExcludeList: pkg: com.android.todolist activity: com.android.todolist.MainActivity@3c9043a
08-09 14:39:56.891 24174 24174 D ForceDarkHelper: updateByCheckExcludeList: pkg: com.android.todolist activity: com.android.todolist.MainActivity@3c9043a
08-09 14:39:56.897 24174 24174 D ForceDarkHelper: updateByCheckExcludeList: pkg: com.android.todolist activity: com.android.todolist.MainActivity@3c9043a
08-09 14:39:56.906 24174 24174 D ForceDarkHelper: updateByCheckExcludeList: pkg: com.android.todolist activity: com.android.todolist.MainActivity@3c9043a
08-09 14:39:56.913 24174 24174 D ForceDarkHelper: updateByCheckExcludeList: pkg: com.android.todolist activity: com.android.todolist.MainActivity@3c9043a
08-09 14:39:56.937 24174 24174 D ForceDarkHelper: updateByCheckExcludeList: pkg: com.android.todolist activity: com.android.todolist.MainActivity@3c9043a
08-09 14:39:56.938 24174 24174 D ForceDarkHelper: updateByCheckExcludeList: pkg: com.android.todolist activity: com.android.todolist.MainActivity@3c9043a
08-09 14:39:56.992  1552  1628 I Timeline: Timeline: Activity_windows_visible id: ActivityRecord{b209087 u0 com.android.todolist/.MainActivity t1367} time:152117731
08-09 14:39:57.009  1552  1628 I WindowManager: Screen frozen for +2s440ms due to Window{61736e9 u0 com.android.todolist/com.android.todolist.MainActivity}
08-09 14:39:57.036  3738  3738 I GoogleInputMethodService: GoogleInputMethodService.onStartInput():1919 onStartInput(EditorInfo{inputType=0x0(NULL) imeOptions=0x0 privateImeOptions=null actionName=UNSPECIFIED actionLabel=null actionId=0 initialSelStart=-1 initialSelEnd=-1 initialCapsMode=0x0 hintText=null label=null packageName=com.android.todolist fieldId=-1 fieldName=null extras=null}, true)
08-09 14:39:57.144  3738  3738 I GoogleInputMethodService: GoogleInputMethodService.onStartInput():1919 onStartInput(EditorInfo{inputType=0x0(NULL) imeOptions=0x0 privateImeOptions=null actionName=UNSPECIFIED actionLabel=null actionId=0 initialSelStart=-1 initialSelEnd=-1 initialCapsMode=0x0 hintText=null label=null packageName=com.android.todolist fieldId=-1 fieldName=null extras=null}, false)
08-09 14:40:33.915  3738  3738 I GoogleInputMethodService: GoogleInputMethodService.onStartInput():1919 onStartInput(EditorInfo{inputType=0x0(NULL) imeOptions=0x0 privateImeOptions=null actionName=UNSPECIFIED actionLabel=null actionId=0 initialSelStart=-1 initialSelEnd=-1 initialCapsMode=0x0 hintText=null label=null packageName=com.android.todolist fieldId=-1 fieldName=null extras=null}, false)
08-09 14:40:34.813  3738  3738 I GoogleInputMethodService: GoogleInputMethodService.onStartInput():1919 onStartInput(EditorInfo{inputType=0x0(NULL) imeOptions=0x0 privateImeOptions=null actionName=UNSPECIFIED actionLabel=null actionId=0 initialSelStart=-1 initialSelEnd=-1 initialCapsMode=0x0 hintText=null label=null packageName=com.android.todolist fieldId=-1 fieldName=null extras=null}, true)
08-09 14:40:34.923  4739  5155 D PowerCheckerService: foreground, uid = 10229, app = com.android.todolist
08-09 14:40:51.837  4739  5155 D PowerCheckerService: foreground, uid = 10229, app = com.android.todolist
08-09 14:40:52.811 24174 24174 D ForceDarkHelper: updateByCheckExcludeList: pkg: com.android.todolist activity: com.android.todolist.MainActivity@668ba7d
08-09 14:40:52.813 24174 24174 D ForceDarkHelper: updateByCheckExcludeList: pkg: com.android.todolist activity: com.android.todolist.MainActivity@668ba7d
08-09 14:40:52.826 24174 24174 D ForceDarkHelper: updateByCheckExcludeList: pkg: com.android.todolist activity: com.android.todolist.MainActivity@668ba7d
08-09 14:40:52.827 24174 24174 I chatty  : uid=10229(com.android.todolist) identical 14 lines
08-09 14:40:52.829 24174 24174 D ForceDarkHelper: updateByCheckExcludeList: pkg: com.android.todolist activity: com.android.todolist.MainActivity@668ba7d
08-09 14:40:52.838 24174 24174 D ForceDarkHelper: updateByCheckExcludeList: pkg: com.android.todolist activity: com.android.todolist.MainActivity@668ba7d
08-09 14:40:52.841 24174 24174 D ForceDarkHelper: updateByCheckExcludeList: pkg: com.android.todolist activity: com.android.todolist.MainActivity@668ba7d
08-09 14:40:52.843 24174 24174 D ForceDarkHelper: updateByCheckExcludeList: pkg: com.android.todolist activity: com.android.todolist.MainActivity@668ba7d
08-09 14:40:52.873 24174 24174 D ForceDarkHelper: updateByCheckExcludeList: pkg: com.android.todolist activity: com.android.todolist.MainActivity@668ba7d
08-09 14:40:52.875 24174 24174 D ForceDarkHelper: updateByCheckExcludeList: pkg: com.android.todolist activity: com.android.todolist.MainActivity@668ba7d
08-09 14:40:52.892 24174 24174 D ForceDarkHelper: updateByCheckExcludeList: pkg: com.android.todolist activity: com.android.todolist.MainActivity@668ba7d
08-09 14:40:53.174 24174 24174 D ForceDarkHelper: updateByCheckExcludeList: pkg: com.android.todolist activity: com.android.todolist.MainActivity@668ba7d
08-09 14:40:53.178 24174 24174 D ForceDarkHelper: updateByCheckExcludeList: pkg: com.android.todolist activity: com.android.todolist.MainActivity@668ba7d
08-09 14:40:53.182 24174 24174 D ForceDarkHelper: updateByCheckExcludeList: pkg: com.android.todolist activity: com.android.todolist.MainActivity@668ba7d
08-09 14:40:53.208 24174 24174 D ForceDarkHelper: updateByCheckExcludeList: pkg: com.android.todolist activity: com.android.todolist.MainActivity@668ba7d
08-09 14:40:53.211 24174 24174 D ForceDarkHelper: updateByCheckExcludeList: pkg: com.android.todolist activity: com.android.todolist.MainActivity@668ba7d
08-09 14:40:53.226 24174 24174 D ForceDarkHelper: updateByCheckExcludeList: pkg: com.android.todolist activity: com.android.todolist.MainActivity@668ba7d
08-09 14:40:53.372 24174 24174 D ForceDarkHelper: updateByCheckExcludeList: pkg: com.android.todolist activity: com.android.todolist.MainActivity@668ba7d
08-09 14:40:53.398 24174 24174 D ForceDarkHelper: updateByCheckExcludeList: pkg: com.android.todolist activity: com.android.todolist.MainActivity@668ba7d
08-09 14:40:53.403 24174 24174 D ForceDarkHelper: updateByCheckExcludeList: pkg: com.android.todolist activity: com.android.todolist.MainActivity@668ba7d
08-09 14:40:53.408 24174 24174 D ForceDarkHelper: updateByCheckExcludeList: pkg: com.android.todolist activity: com.android.todolist.MainActivity@668ba7d
08-09 14:40:53.423 24174 24174 D ForceDarkHelper: updateByCheckExcludeList: pkg: com.android.todolist activity: com.android.todolist.MainActivity@668ba7d
08-09 14:40:53.426 24174 24174 D ForceDarkHelper: updateByCheckExcludeList: pkg: com.android.todolist activity: com.android.todolist.MainActivity@668ba7d
08-09 14:40:53.436 24174 24174 D ForceDarkHelper: updateByCheckExcludeList: pkg: com.android.todolist activity: com.android.todolist.MainActivity@668ba7d
08-09 14:40:53.446 24174 24174 D ForceDarkHelper: updateByCheckExcludeList: pkg: com.android.todolist activity: com.android.todolist.MainActivity@668ba7d
08-09 14:40:53.495  1552  1628 I Timeline: Timeline: Activity_windows_visible id: ActivityRecord{b209087 u0 com.android.todolist/.MainActivity t1367} time:152174234
08-09 14:40:53.551  3738  3738 I GoogleInputMethodService: GoogleInputMethodService.onStartInput():1919 onStartInput(EditorInfo{inputType=0x0(NULL) imeOptions=0x0 privateImeOptions=null actionName=UNSPECIFIED actionLabel=null actionId=0 initialSelStart=-1 initialSelEnd=-1 initialCapsMode=0x0 hintText=null label=null packageName=com.android.todolist fieldId=-1 fieldName=null extras=null}, false)
08-09 14:40:55.750 24174 24174 D ForceDarkHelper: updateByCheckExcludeList: pkg: com.android.todolist activity: com.android.todolist.MainActivity@668ba7d
08-09 14:40:55.752 24174 24174 D ForceDarkHelper: updateByCheckExcludeList: pkg: com.android.todolist activity: com.android.todolist.MainActivity@668ba7d
08-09 14:40:56.149  2983 30545 W MiuiPerfServiceClient: interceptAndQueuing:24174|com.android.todolist|481|229|unknown|null|com.android.todolist/com.android.todolist.MainActivity|152176709477409|Slow main thread|4
08-09 14:40:56.156  3738  3738 I GoogleInputMethodService: GoogleInputMethodService.onStartInput():1919 onStartInput(EditorInfo{inputType=0x0(NULL) imeOptions=0x0 privateImeOptions=null actionName=UNSPECIFIED actionLabel=null actionId=0 initialSelStart=-1 initialSelEnd=-1 initialCapsMode=0x0 hintText=null label=null packageName=com.android.todolist fieldId=-1 fieldName=null extras=null}, false)
08-09 14:40:57.256 24174 24174 D ForceDarkHelper: updateByCheckExcludeList: pkg: com.android.todolist activity: com.android.todolist.MainActivity@668ba7d
08-09 14:40:57.265 24174 24174 D ForceDarkHelper: updateByCheckExcludeList: pkg: com.android.todolist activity: com.android.todolist.MainActivity@668ba7d
08-09 14:40:57.408 24174 24174 I Toast   : Show toast from OpPackageName:com.android.todolist, PackageName:com.android.todolist
08-09 14:40:57.419  3738  3738 I GoogleInputMethodService: GoogleInputMethodService.onStartInput():1919 onStartInput(EditorInfo{inputType=0x0(NULL) imeOptions=0x0 privateImeOptions=null actionName=UNSPECIFIED actionLabel=null actionId=0 initialSelStart=-1 initialSelEnd=-1 initialCapsMode=0x0 hintText=null label=null packageName=com.android.todolist fieldId=-1 fieldName=null extras=null}, false)
08-09 14:40:59.605  1552  2329 W NotificationService: Toast already killed. pkg=com.android.todolist callback=android.app.ITransientNotification$Stub$Proxy@e429a8c
08-09 14:41:00.474  1552  1588 I ActivityTaskManager: START u0 {cmp=com.android.todolist/.Info} from uid 10229
08-09 14:41:00.514  1552  1588 I ActivityTaskManager: The Process com.android.todolist Already Exists in BG. So sending its PID: 24174
08-09 14:41:00.552 24174 24174 D ForceDarkHelper: updateByCheckExcludeList: pkg: com.android.todolist activity: com.android.todolist.Info@b17d72b
08-09 14:41:00.607 24174 24174 D ForceDarkHelper: updateByCheckExcludeList: pkg: com.android.todolist activity: com.android.todolist.Info@b17d72b
08-09 14:41:00.869  3738  3738 I GoogleInputMethodService: GoogleInputMethodService.onStartInput():1919 onStartInput(EditorInfo{inputType=0x0(NULL) imeOptions=0x0 privateImeOptions=null actionName=UNSPECIFIED actionLabel=null actionId=0 initialSelStart=-1 initialSelEnd=-1 initialCapsMode=0x0 hintText=null label=null packageName=com.android.todolist fieldId=-1 fieldName=null extras=null}, false)
08-09 14:41:01.330  1552  1628 I Timeline: Timeline: Activity_windows_visible id: ActivityRecord{2bdb1ea u0 com.android.todolist/.Info t1367} time:152182069
08-09 14:41:02.790  3738  3738 I GoogleInputMethodService: GoogleInputMethodService.onStartInput():1919 onStartInput(EditorInfo{inputType=0x0(NULL) imeOptions=0x0 privateImeOptions=null actionName=UNSPECIFIED actionLabel=null actionId=0 initialSelStart=-1 initialSelEnd=-1 initialCapsMode=0x0 hintText=null label=null packageName=com.android.todolist fieldId=-1 fieldName=null extras=null}, false)
08-09 14:41:03.278  1552  1628 I Timeline: Timeline: Activity_windows_visible id: ActivityRecord{b209087 u0 com.android.todolist/.MainActivity t1367} time:152184017
08-09 14:41:05.807 24174 24241 W RenderInspector: DequeueBuffer time out on com.android.todolist/com.android.todolist.MainActivity, count=1, avg=17 ms, max=17 ms.
08-09 14:41:09.037  4739  4890 D PerfEngineController: ForegroundInfo{mForegroundPackageName='com.miui.home', mForegroundUid=10091, mForegroundPid=2180, mLastForegroundPackageName='com.android.todolist', mLastForegroundUid=10229, mLastForegroundPid=24174, mMultiWindowForegroundPackageName='null', mMultiWindowForegroundUid=-1, mFlags=0}
08-09 14:41:09.080  4746 15144 I GST     : forePkg: com.miui.home, preForePkg: com.android.todolist
08-09 14:48:48.601  2180  2180 D Launcher.CellLayout: touch item:ShortcutInfo, id=85, itemType=0, user=UserHandle{0}, mIconType=0, pkgName=com.android.todolist, className=com.android.todolist.MainActivity, screenId=2, container=-100, cellX=2, cellY=4, spanX=1, spanY=1, isLandscapePos=false
